Archive member included to satisfy reference by file (symbol)

c:/nxp/mcuxpressoide_11.9.0_2144/ide/plugins/com.nxp.mcuxpresso.tools.win32_11.9.0.202307121226/tools/bin/../lib/gcc/arm-none-eabi/12.3.1/../../../../arm-none-eabi/lib/thumb/v7e-m+fp/hard\libcr_nohost_nf.a(_cr__main.o)
                              ./startup/startup_mk64f12.o (__main)
c:/nxp/mcuxpressoide_11.9.0_2144/ide/plugins/com.nxp.mcuxpresso.tools.win32_11.9.0.202307121226/tools/bin/../lib/gcc/arm-none-eabi/12.3.1/../../../../arm-none-eabi/lib/thumb/v7e-m+fp/hard\libcr_nohost_nf.a(_cr_assert.o)
                              ./source/PIT.o (__assertion_failed)
c:/nxp/mcuxpressoide_11.9.0_2144/ide/plugins/com.nxp.mcuxpresso.tools.win32_11.9.0.202307121226/tools/bin/../lib/gcc/arm-none-eabi/12.3.1/../../../../arm-none-eabi/lib/thumb/v7e-m+fp/hard\libcr_nohost_nf.a(__ciob.o)
                              c:/nxp/mcuxpressoide_11.9.0_2144/ide/plugins/com.nxp.mcuxpresso.tools.win32_11.9.0.202307121226/tools/bin/../lib/gcc/arm-none-eabi/12.3.1/../../../../arm-none-eabi/lib/thumb/v7e-m+fp/hard\libcr_nohost_nf.a(_cr_assert.o) (__Ciob)
c:/nxp/mcuxpressoide_11.9.0_2144/ide/plugins/com.nxp.mcuxpresso.tools.win32_11.9.0.202307121226/tools/bin/../lib/gcc/arm-none-eabi/12.3.1/../../../../arm-none-eabi/lib/thumb/v7e-m+fp/hard\libcr_nohost_nf.a(__sys_appexit.o)
                              c:/nxp/mcuxpressoide_11.9.0_2144/ide/plugins/com.nxp.mcuxpresso.tools.win32_11.9.0.202307121226/tools/bin/../lib/gcc/arm-none-eabi/12.3.1/../../../../arm-none-eabi/lib/thumb/v7e-m+fp/hard\libcr_nohost_nf.a(_cr_assert.o) (__sys_appexit)
c:/nxp/mcuxpressoide_11.9.0_2144/ide/plugins/com.nxp.mcuxpresso.tools.win32_11.9.0.202307121226/tools/bin/../lib/gcc/arm-none-eabi/12.3.1/../../../../arm-none-eabi/lib/thumb/v7e-m+fp/hard\libcr_c.a(memcpy.o)
                              ./utilities/fsl_str.o (memcpy)
c:/nxp/mcuxpressoide_11.9.0_2144/ide/plugins/com.nxp.mcuxpresso.tools.win32_11.9.0.202307121226/tools/bin/../lib/gcc/arm-none-eabi/12.3.1/../../../../arm-none-eabi/lib/thumb/v7e-m+fp/hard\libcr_c.a(memset.o)
                              ./utilities/fsl_debug_console.o (memset)
c:/nxp/mcuxpressoide_11.9.0_2144/ide/plugins/com.nxp.mcuxpresso.tools.win32_11.9.0.202307121226/tools/bin/../lib/gcc/arm-none-eabi/12.3.1/../../../../arm-none-eabi/lib/thumb/v7e-m+fp/hard\libcr_c.a(_deferredlazyseek.o)
                              c:/nxp/mcuxpressoide_11.9.0_2144/ide/plugins/com.nxp.mcuxpresso.tools.win32_11.9.0.202307121226/tools/bin/../lib/gcc/arm-none-eabi/12.3.1/../../../../arm-none-eabi/lib/thumb/v7e-m+fp/hard\libcr_nohost_nf.a(_cr_assert.o) (__flsbuf)
c:/nxp/mcuxpressoide_11.9.0_2144/ide/plugins/com.nxp.mcuxpresso.tools.win32_11.9.0.202307121226/tools/bin/../lib/gcc/arm-none-eabi/12.3.1/../../../../arm-none-eabi/lib/thumb/v7e-m+fp/hard\libcr_c.a(_fflush.o)
                              c:/nxp/mcuxpressoide_11.9.0_2144/ide/plugins/com.nxp.mcuxpresso.tools.win32_11.9.0.202307121226/tools/bin/../lib/gcc/arm-none-eabi/12.3.1/../../../../arm-none-eabi/lib/thumb/v7e-m+fp/hard\libcr_c.a(_deferredlazyseek.o) (_fflush)
c:/nxp/mcuxpressoide_11.9.0_2144/ide/plugins/com.nxp.mcuxpresso.tools.win32_11.9.0.202307121226/tools/bin/../lib/gcc/arm-none-eabi/12.3.1/../../../../arm-none-eabi/lib/thumb/v7e-m+fp/hard\libcr_c.a(_writebuf.o)
                              c:/nxp/mcuxpressoide_11.9.0_2144/ide/plugins/com.nxp.mcuxpresso.tools.win32_11.9.0.202307121226/tools/bin/../lib/gcc/arm-none-eabi/12.3.1/../../../../arm-none-eabi/lib/thumb/v7e-m+fp/hard\libcr_c.a(_deferredlazyseek.o) (_Cwritebuf)
c:/nxp/mcuxpressoide_11.9.0_2144/ide/plugins/com.nxp.mcuxpresso.tools.win32_11.9.0.202307121226/tools/bin/../lib/gcc/arm-none-eabi/12.3.1/../../../../arm-none-eabi/lib/thumb/v7e-m+fp/hard\libcr_c.a(alloc.o)
                              ./drivers/fsl_common.o (malloc)
c:/nxp/mcuxpressoide_11.9.0_2144/ide/plugins/com.nxp.mcuxpresso.tools.win32_11.9.0.202307121226/tools/bin/../lib/gcc/arm-none-eabi/12.3.1/../../../../arm-none-eabi/lib/thumb/v7e-m+fp/hard\libcr_c.a(errno.o)
                              ./utilities/fsl_str.o (errno)
c:/nxp/mcuxpressoide_11.9.0_2144/ide/plugins/com.nxp.mcuxpresso.tools.win32_11.9.0.202307121226/tools/bin/../lib/gcc/arm-none-eabi/12.3.1/../../../../arm-none-eabi/lib/thumb/v7e-m+fp/hard\libcr_c.a(fputs.o)
                              c:/nxp/mcuxpressoide_11.9.0_2144/ide/plugins/com.nxp.mcuxpresso.tools.win32_11.9.0.202307121226/tools/bin/../lib/gcc/arm-none-eabi/12.3.1/../../../../arm-none-eabi/lib/thumb/v7e-m+fp/hard\libcr_nohost_nf.a(_cr_assert.o) (fputs)
c:/nxp/mcuxpressoide_11.9.0_2144/ide/plugins/com.nxp.mcuxpresso.tools.win32_11.9.0.202307121226/tools/bin/../lib/gcc/arm-none-eabi/12.3.1/../../../../arm-none-eabi/lib/thumb/v7e-m+fp/hard\libcr_c.a(fseek.o)
[...]
Memory Configuration

Name             Origin             Length             Attributes
PROGRAM_FLASH    0x00000000         0x00100000         xr
SRAM_UPPER       0x20000000         0x00030000         xrw
SRAM_LOWER       0x1fff0000         0x00010000         xrw
FLEX_RAM         0x14000000         0x00001000         xrw
*default*        0x00000000         0xffffffff

Linker script and memory map

LOAD ./utilities/fsl_debug_console.o
LOAD ./utilities/fsl_str.o
LOAD ./startup/startup_mk64f12.o
LOAD ./source/LCD_nokia.o
LOAD ./source/LCD_nokia_images.o
LOAD ./source/PIT.o
LOAD ./source/SPI.o
LOAD ./source/SPI_memory.o
LOAD ./source/main.o
LOAD ./source/semihost_hardfault.o
LOAD ./drivers/fsl_adc16.o
LOAD ./drivers/fsl_clock.o
LOAD ./drivers/fsl_common.o
LOAD ./drivers/fsl_common_arm.o
LOAD ./drivers/fsl_dspi.o
LOAD ./drivers/fsl_gpio.o
LOAD ./drivers/fsl_i2c.o
LOAD ./drivers/fsl_pit.o
LOAD ./drivers/fsl_smc.o
LOAD ./drivers/fsl_uart.o
LOAD ./device/system_MK64F12.o
LOAD ./component/uart/fsl_adapter_uart.o
LOAD ./component/serial_manager/fsl_component_serial_manager.o
LOAD ./component/serial_manager/fsl_component_serial_port_uart.o
LOAD ./component/lists/fsl_component_generic_list.o
LOAD ./board/board.o
LOAD ./board/clock_config.o
LOAD ./board/peripherals.o
LOAD ./board/pin_mux.o
START GROUP
LOAD c:/nxp/mcuxpressoide_11.9.0_2144/ide/plugins/com.nxp.mcuxpresso.tools.win32_11.9.0.202307121226/tools/bin/../lib/gcc/arm-none-eabi/12.3.1/../../../../arm-none-eabi/lib/thumb/v7e-m+fp/hard\libcr_nohost_nf.a
LOAD c:/nxp/mcuxpressoide_11.9.0_2144/ide/plugins/com.nxp.mcuxpresso.tools.win32_11.9.0.202307121226/tools/bin/../lib/gcc/arm-none-eabi/12.3.1/../../../../arm-none-eabi/lib/thumb/v7e-m+fp/hard\libcr_c.a
LOAD c:/nxp/mcuxpressoide_11.9.0_2144/ide/plugins/com.nxp.mcuxpresso.tools.win32_11.9.0.202307121226/tools/bin/../lib/gcc/arm-none-eabi/12.3.1/thumb/v7e-m+fp/hard\libcr_eabihelpers.a
LOAD c:/nxp/mcuxpressoide_11.9.0_2144/ide/plugins/com.nxp.mcuxpresso.tools.win32_11.9.0.202307121226/tools/bin/../lib/gcc/arm-none-eabi/12.3.1/thumb/v7e-m+fp/hard\libgcc.a
END GROUP
                0x00000000                        __base_PROGRAM_FLASH = 0x0
                0x00000000                        __base_Flash = 0x0
                0x00100000                        __top_PROGRAM_FLASH = 0x100000
                0x00100000                        __top_Flash = 0x100000
                0x20000000                        __base_SRAM_UPPER = 0x20000000
                0x20000000                        __base_RAM = 0x20000000
                0x20030000                        __top_SRAM_UPPER = 0x20030000
                0x20030000                        __top_RAM = 0x20030000
                0x1fff0000                        __base_SRAM_LOWER = 0x1fff0000
                0x1fff0000                        __base_RAM2 = 0x1fff0000
                0x20000000                        __top_SRAM_LOWER = 0x20000000
                0x20000000                        __top_RAM2 = 0x20000000
                0x14000000                        __base_FLEX_RAM = 0x14000000
                0x14000000                        __base_RAM3 = 0x14000000
                0x14001000                        __top_FLEX_RAM = 0x14001000
                0x14001000                        __top_RAM3 = 0x14001000

.text           0x00000000     0x32b8
 FILL mask 0xff
                0x00000000                        __vectors_start__ = ABSOLUTE (.)
 *(SORT_BY_ALIGNMENT(.isr_vector))
 .isr_vector    0x00000000      0x198 ./startup/startup_mk64f12.o
                0x00000000                g_pfnVectors
                0x00000000                __Vectors
                0x00000198                        . = ALIGN (0x4)
                0x00000198                        __section_table_start = .
                0x00000198                        __data_section_table = .
                0x00000198        0x4 LONG 0x32b8 LOADADDR (.data)
                0x0000019c        0x4 LONG 0x20000000 ADDR (.data)
                0x000001a0        0x4 LONG 0x200 SIZEOF (.data)
                0x000001a4        0x4 LONG 0x32b8 LOADADDR (.data_RAM2)
                0x000001a8        0x4 LONG 0x1fff0000 ADDR (.data_RAM2)
                0x000001ac        0x4 LONG 0x0 SIZEOF (.data_RAM2)
                0x000001b0        0x4 LONG 0x32b8 LOADADDR (.data_RAM3)
                0x000001b4        0x4 LONG 0x14000000 ADDR (.data_RAM3)
                0x000001b8        0x4 LONG 0x0 SIZEOF (.data_RAM3)
                0x000001bc                        __data_section_table_end = .
                0x000001bc                        __bss_section_table = .
                0x000001bc        0x4 LONG 0x20000200 ADDR (.bss)
                0x000001c0        0x4 LONG 0x118 SIZEOF (.bss)
                0x000001c4        0x4 LONG 0x1fff0000 ADDR (.bss_RAM2)
                0x000001c8        0x4 LONG 0x0 SIZEOF (.bss_RAM2)
                0x000001cc        0x4 LONG 0x14000000 ADDR (.bss_RAM3)
                0x000001d0        0x4 LONG 0x0 SIZEOF (.bss_RAM3)
                0x000001d4                        __bss_section_table_end = .
                0x000001d4                        __section_table_end = .
 *(SORT_BY_ALIGNMENT(.after_vectors*))
 .after_vectors.reset
                0x000001d4       0x4c ./startup/startup_mk64f12.o
                0x000001d4                ResetISR
 .after_vectors.init_data
                0x00000220       0x1e ./startup/startup_mk64f12.o
                0x00000220                data_init
 .after_vectors.init_bss
                0x0000023e       0x12 ./startup/startup_mk64f12.o
                0x0000023e                bss_init
 .after_vectors
                0x00000250       0x14 ./startup/startup_mk64f12.o
                0x00000250                NMI_Handler
                0x00000254                MemManage_Handler
                0x00000256                BusFault_Handler
                0x00000258                UsageFault_Handler
                0x0000025a                SVC_Handler
                0x0000025c                DebugMon_Handler
                0x0000025e                PendSV_Handler
                0x00000260                SysTick_Handler
                0x00000262                DMA_Error_DriverIRQHandler
                0x00000262                FTM1_DriverIRQHandler
                0x00000262                FTM2_DriverIRQHandler
                0x00000262                PIT2_DriverIRQHandler
                0x00000262                SDHC_DriverIRQHandler
                0x00000262                I2S0_Tx_DriverIRQHandler
                0x00000262                RTC_Seconds_DriverIRQHandler
                0x00000262                DMA6_DriverIRQHandler
                0x00000262                LLWU_DriverIRQHandler
                0x00000262                MCM_DriverIRQHandler
                0x00000262                MCG_DriverIRQHandler
                0x00000262                ENET_1588_Timer_DriverIRQHandler
                0x00000262                DAC1_DriverIRQHandler
                0x00000262                LPTMR0_DriverIRQHandler
                0x00000262                CMP1_DriverIRQHandler
                0x00000262                FTM0_DriverIRQHandler
                0x00000262                IntDefaultHandler
                0x00000262                USB0_DriverIRQHandler
                0x00000262                UART5_ERR_DriverIRQHandler
                0x00000262                PORTC_DriverIRQHandler
                0x00000262                DMA11_DriverIRQHandler
                0x00000262                DAC0_DriverIRQHandler
                0x00000262                DMA10_DriverIRQHandler
                0x00000262                CMP2_DriverIRQHandler
                0x00000262                UART2_ERR_DriverIRQHandler
                0x00000262                LVD_LVW_DriverIRQHandler
                0x00000262                PIT0_DriverIRQHandler
                0x00000262                DMA12_DriverIRQHandler
                0x00000262                DMA5_DriverIRQHandler
                0x00000262                DMA4_DriverIRQHandler
                0x00000262                USBDCD_DriverIRQHandler
                0x00000262                UART3_ERR_DriverIRQHandler
                0x00000262                DMA3_DriverIRQHandler
                0x00000262                DMA8_DriverIRQHandler
                0x00000262                DMA9_DriverIRQHandler
                0x00000262                UART0_ERR_DriverIRQHandler
                0x00000262                CMT_DriverIRQHandler
                0x00000262                Reserved71_DriverIRQHandler
                0x00000262                ADC1_DriverIRQHandler
                0x00000262                PORTA_DriverIRQHandler
                0x00000262                DMA14_DriverIRQHandler
                0x00000262                PIT3_DriverIRQHandler
                0x00000262                PIT1_DriverIRQHandler
                0x00000262                WDOG_EWM_DriverIRQHandler
                0x00000262                PDB0_DriverIRQHandler
                0x00000262                RTC_DriverIRQHandler
                0x00000262                I2S0_Rx_DriverIRQHandler
                0x00000262                Read_Collision_DriverIRQHandler
                0x00000262                SWI_DriverIRQHandler
                0x00000262                UART4_ERR_DriverIRQHandler
                0x00000262                PORTB_DriverIRQHandler
                0x00000262                UART0_LON_DriverIRQHandler
                0x00000262                DMA0_DriverIRQHandler
                0x00000262                DMA1_DriverIRQHandler
                0x00000262                ENET_Receive_DriverIRQHandler
                0x00000262                DMA13_DriverIRQHandler
                0x00000262                ENET_Error_DriverIRQHandler
                0x00000262                DMA15_DriverIRQHandler
                0x00000262                ADC0_DriverIRQHandler
                0x00000262                CMP0_DriverIRQHandler
                0x00000262                CAN0_DriverIRQHandler
                0x00000262                FTM3_DriverIRQHandler
                0x00000262                RNG_DriverIRQHandler
                0x00000262                UART1_ERR_DriverIRQHandler
                0x00000262                DMA2_DriverIRQHandler
                0x00000262                ENET_Transmit_DriverIRQHandler
                0x00000262                PORTD_DriverIRQHandler
                0x00000262                PORTE_DriverIRQHandler
                0x00000262                FTFE_DriverIRQHandler
                0x00000262                DMA7_DriverIRQHandler
                0x00000400                        . = 0x400
 *fill*         0x00000264      0x19c ff
                0x00000400                        PROVIDE (__FLASH_CONFIG_START__ = .)
 *(SORT_BY_ALIGNMENT(.FlashConfig))
 .FlashConfig   0x00000400       0x10 ./startup/startup_mk64f12.o
                0x00000400                Flash_Config
                0x00000410                        PROVIDE (__FLASH_CONFIG_END__ = .)
                0x00000001                        ASSERT (! ((__FLASH_CONFIG_START__ == __FLASH_CONFIG_END__)), Linker Flash Config Support Enabled, but no .FlashConfig section provided within application)
 *(SORT_BY_ALIGNMENT(.text*))
 .text.LCD_nokia_init
                0x00000410       0xa4 ./source/LCD_nokia.o
                0x00000410                LCD_nokia_init
 .text.LCD_nokia_write_byte
                0x000004b4       0x58 ./source/LCD_nokia.o
                0x000004b4                LCD_nokia_write_byte
 .text.ITESO_IMG
                0x0000050c       0x14 ./source/LCD_nokia_images.o
                0x0000050c                ITESO_IMG
 .text.__NVIC_EnableIRQ
                0x00000520       0x3c ./source/PIT.o
 .text.CLOCK_SetSimSafeDivs
                0x0000055c       0x20 ./source/PIT.o
 .text.PIT_GetDefaultConfig
                0x0000057c       0x28 ./source/PIT.o
 .text.PIT_SetTimerPeriod
                0x000005a4       0x38 ./source/PIT.o
 .text.PIT_init
                0x000005dc       0x50 ./source/PIT.o
                0x000005dc                PIT_init
 .text.PIT_set_time
                0x0000062c       0x28 ./source/PIT.o
                0x0000062c                PIT_set_time
 .text.PIT0_IRQHandler
                0x00000654       0x28 ./source/PIT.o
                0x00000654                PIT0_IRQHandler
 .text.PIT0_get_irq_status
                0x0000067c       0x24 ./source/PIT.o
                0x0000067c                PIT0_get_irq_status
 .text.PIT0_clear_irq_status
                0x000006a0       0x18 ./source/PIT.o
                0x000006a0                PIT0_clear_irq_status
 .text.CLOCK_SetSimSafeDivs
                0x000006b8       0x20 ./source/SPI.o
 .text.SPI_config
                0x000006d8      0x134 ./source/SPI.o
                0x000006d8                SPI_config
 .text.memory_read_byte
                0x0000080c       0x68 ./source/SPI_memory.o
                0x0000080c                memory_read_byte
 .text.CLOCK_GetMcgExtClkFreq
                0x00000874       0x7c ./drivers/fsl_clock.o
 .text.CLOCK_GetFllExtRefClkFreq
                0x000008f0       0xb0 ./drivers/fsl_clock.o
 .text.CLOCK_GetInternalRefClkSelectFreq
                0x000009a0       0x4c ./drivers/fsl_clock.o
 .text.CLOCK_GetFllRefClkFreq
                0x000009ec       0x34 ./drivers/fsl_clock.o
 .text.CLOCK_GetOsc0ErClkFreq
                0x00000a20       0x44 ./drivers/fsl_clock.o
                0x00000a20                CLOCK_GetOsc0ErClkFreq
 .text.CLOCK_GetEr32kClkFreq
                0x00000a64       0x74 ./drivers/fsl_clock.o
                0x00000a64                CLOCK_GetEr32kClkFreq
 .text.CLOCK_GetPllFllSelClkFreq
                0x00000ad8       0x54 ./drivers/fsl_clock.o
                0x00000ad8                CLOCK_GetPllFllSelClkFreq
 .text.CLOCK_GetFreq
                0x00000b2c      0x140 ./drivers/fsl_clock.o
                0x00000b2c                CLOCK_GetFreq
 .text.CLOCK_GetOutClkFreq
                0x00000c6c       0x64 ./drivers/fsl_clock.o
                0x00000c6c                CLOCK_GetOutClkFreq
 .text.CLOCK_GetFllFreq
                0x00000cd0       0x84 ./drivers/fsl_clock.o
                0x00000cd0                CLOCK_GetFllFreq
 .text.CLOCK_GetInternalRefClkFreq
                0x00000d54       0x30 ./drivers/fsl_clock.o
                0x00000d54                CLOCK_GetInternalRefClkFreq
 .text.CLOCK_GetPll0Freq
                0x00000d84       0x78 ./drivers/fsl_clock.o
                0x00000d84                CLOCK_GetPll0Freq
 .text.DSPI_GetInstance
                0x00000dfc       0x4c ./drivers/fsl_dspi.o
                0x00000dfc                DSPI_GetInstance
 .text.DSPI_GetDummyDataInstance
                0x00000e48       0x24 ./drivers/fsl_dspi.o
                0x00000e48                DSPI_GetDummyDataInstance
 .text.DSPI_SetDummyData
                0x00000e6c       0x2c ./drivers/fsl_dspi.o
                0x00000e6c                DSPI_SetDummyData
 .text.DSPI_MasterInit
                0x00000e98      0x16c ./drivers/fsl_dspi.o
                0x00000e98                DSPI_MasterInit
 .text.DSPI_MasterSetBaudRate
                0x00001004      0x12c ./drivers/fsl_dspi.o
                0x00001004                DSPI_MasterSetBaudRate
 .text.DSPI_MasterSetDelayScaler
                0x00001130       0xe8 ./drivers/fsl_dspi.o
                0x00001130                DSPI_MasterSetDelayScaler
 .text.DSPI_MasterSetDelayTimes
                0x00001218      0x130 ./drivers/fsl_dspi.o
                0x00001218                DSPI_MasterSetDelayTimes
 .text.DSPI_MasterTransferBlocking
                0x00001348      0x488 ./drivers/fsl_dspi.o
                0x00001348                DSPI_MasterTransferBlocking
 .text.DSPI_MasterHalfDuplexTransferBlocking
                0x000017d0       0xd0 ./drivers/fsl_dspi.o
                0x000017d0                DSPI_MasterHalfDuplexTransferBlocking
 .text.DSPI_CommonIRQHandler
                0x000018a0       0x44 ./drivers/fsl_dspi.o
 .text.SPI0_DriverIRQHandler
                0x000018e4       0x30 ./drivers/fsl_dspi.o
                0x000018e4                SPI0_DriverIRQHandler
 .text.SPI1_DriverIRQHandler
                0x00001914       0x30 ./drivers/fsl_dspi.o
                0x00001914                SPI1_DriverIRQHandler
 .text.SPI2_DriverIRQHandler
                0x00001944       0x30 ./drivers/fsl_dspi.o
                0x00001944                SPI2_DriverIRQHandler
 .text.GPIO_PinInit
                0x00001974       0x64 ./drivers/fsl_gpio.o
                0x00001974                GPIO_PinInit
 .text.I2C_TransferCommonIRQHandler
                0x000019d8       0x58 ./drivers/fsl_i2c.o
 .text.I2C0_DriverIRQHandler
                0x00001a30       0x1c ./drivers/fsl_i2c.o
                0x00001a30                I2C0_DriverIRQHandler
 .text.I2C1_DriverIRQHandler
                0x00001a4c       0x1c ./drivers/fsl_i2c.o
                0x00001a4c                I2C1_DriverIRQHandler
 .text.I2C2_DriverIRQHandler
                0x00001a68       0x1c ./drivers/fsl_i2c.o
                0x00001a68                I2C2_DriverIRQHandler
 .text.PIT_GetInstance
                0x00001a84       0x44 ./drivers/fsl_pit.o
 .text.PIT_Init
                0x00001ac8       0x94 ./drivers/fsl_pit.o
                0x00001ac8                PIT_Init
 .text.UART0_DriverIRQHandler
                0x00001b5c       0x28 ./drivers/fsl_uart.o
                0x00001b5c                UART0_DriverIRQHandler
 .text.UART1_DriverIRQHandler
                0x00001b84       0x28 ./drivers/fsl_uart.o
                0x00001b84                UART1_DriverIRQHandler
 .text.UART2_DriverIRQHandler
                0x00001bac       0x28 ./drivers/fsl_uart.o
                0x00001bac                UART2_DriverIRQHandler
 .text.UART3_DriverIRQHandler
                0x00001bd4       0x28 ./drivers/fsl_uart.o
                0x00001bd4                UART3_DriverIRQHandler
 .text.UART4_DriverIRQHandler
                0x00001bfc       0x28 ./drivers/fsl_uart.o
                0x00001bfc                UART4_DriverIRQHandler
 .text.UART5_DriverIRQHandler
                0x00001c24       0x28 ./drivers/fsl_uart.o
                0x00001c24                UART5_DriverIRQHandler
 .text.SystemInit
                0x00001c4c       0x3c ./device/system_MK64F12.o
                0x00001c4c                SystemInit
 .text.__assertion_failed
                0x00001c88       0x4c c:/nxp/mcuxpressoide_11.9.0_2144/ide/plugins/com.nxp.mcuxpresso.tools.win32_11.9.0.202307121226/tools/bin/../lib/gcc/arm-none-eabi/12.3.1/../../../../arm-none-eabi/lib/thumb/v7e-m+fp/hard\libcr_nohost_nf.a(_cr_assert.o)
                0x00001c88                __assertion_failed
 .text._Cwritebuf
                0x00001cd4       0x6c c:/nxp/mcuxpressoide_11.9.0_2144/ide/plugins/com.nxp.mcuxpresso.tools.win32_11.9.0.202307121226/tools/bin/../lib/gcc/arm-none-eabi/12.3.1/../../../../arm-none-eabi/lib/thumb/v7e-m+fp/hard\libcr_c.a(_writebuf.o)
                0x00001cd4                _Cwritebuf
 .text.malloc   0x00001d40       0xe8 c:/nxp/mcuxpressoide_11.9.0_2144/ide/plugins/com.nxp.mcuxpresso.tools.win32_11.9.0.202307121226/tools/bin/../lib/gcc/arm-none-eabi/12.3.1/../../../../arm-none-eabi/lib/thumb/v7e-m+fp/hard\libcr_c.a(alloc.o)
                0x00001d40                malloc
 .text._Csys_alloc
                0x00001e28       0x20 c:/nxp/mcuxpressoide_11.9.0_2144/ide/plugins/com.nxp.mcuxpresso.tools.win32_11.9.0.202307121226/tools/bin/../lib/gcc/arm-none-eabi/12.3.1/../../../../arm-none-eabi/lib/thumb/v7e-m+fp/hard\libcr_c.a(alloc.o)
                0x00001e28                _Csys_alloc
 .text.fseek    0x00001e48       0xf8 c:/nxp/mcuxpressoide_11.9.0_2144/ide/plugins/com.nxp.mcuxpresso.tools.win32_11.9.0.202307121226/tools/bin/../lib/gcc/arm-none-eabi/12.3.1/../../../../arm-none-eabi/lib/thumb/v7e-m+fp/hard\libcr_c.a(fseek.o)
                0x00001e48                fseek
 .text.ftell    0x00001f40       0x44 c:/nxp/mcuxpressoide_11.9.0_2144/ide/plugins/com.nxp.mcuxpresso.tools.win32_11.9.0.202307121226/tools/bin/../lib/gcc/arm-none-eabi/12.3.1/../../../../arm-none-eabi/lib/thumb/v7e-m+fp/hard\libcr_c.a(ftell.o)
                0x00001f40                ftell
 .text._initio  0x00001f84       0x78 c:/nxp/mcuxpressoide_11.9.0_2144/ide/plugins/com.nxp.mcuxpresso.tools.win32_11.9.0.202307121226/tools/bin/../lib/gcc/arm-none-eabi/12.3.1/../../../../arm-none-eabi/lib/thumb/v7e-m+fp/hard\libcr_c.a(initio.o)
                0x00001f84                _initio
 .text._sbrk    0x00001ffc       0x3c c:/nxp/mcuxpressoide_11.9.0_2144/ide/plugins/com.nxp.mcuxpresso.tools.win32_11.9.0.202307121226/tools/bin/../lib/gcc/arm-none-eabi/12.3.1/../../../../arm-none-eabi/lib/thumb/v7e-m+fp/hard\libcr_c.a(_cr_sbrk.o)
                0x00001ffc                _sbrk
 .text.fflush   0x00002038       0x3c c:/nxp/mcuxpressoide_11.9.0_2144/ide/plugins/com.nxp.mcuxpresso.tools.win32_11.9.0.202307121226/tools/bin/../lib/gcc/arm-none-eabi/12.3.1/../../../../arm-none-eabi/lib/thumb/v7e-m+fp/hard\libcr_c.a(fflush.o)
                0x00002038                fflush
 .text.__check_heap_overflow
                0x00002074       0x18 c:/nxp/mcuxpressoide_11.9.0_2144/ide/plugins/com.nxp.mcuxpresso.tools.win32_11.9.0.202307121226/tools/bin/../lib/gcc/arm-none-eabi/12.3.1/../../../../arm-none-eabi/lib/thumb/v7e-m+fp/hard\libcr_c.a(_cr_check_heap.o)
                0x00002074                __check_heap_overflow
 .text.DMA0_IRQHandler
                0x0000208c        0x8 ./startup/startup_mk64f12.o
                0x0000208c                DMA0_IRQHandler
 .text.DMA1_IRQHandler
                0x00002094        0x8 ./startup/startup_mk64f12.o
                0x00002094                DMA1_IRQHandler
 .text.DMA2_IRQHandler
                0x0000209c        0x8 ./startup/startup_mk64f12.o
                0x0000209c                DMA2_IRQHandler
 .text.DMA3_IRQHandler
                0x000020a4        0x8 ./startup/startup_mk64f12.o
                0x000020a4                DMA3_IRQHandler
 .text.DMA4_IRQHandler
                0x000020ac        0x8 ./startup/startup_mk64f12.o
                0x000020ac                DMA4_IRQHandler
 .text.DMA5_IRQHandler
                0x000020b4        0x8 ./startup/startup_mk64f12.o
                0x000020b4                DMA5_IRQHandler
 .text.DMA6_IRQHandler
                0x000020bc        0x8 ./startup/startup_mk64f12.o
                0x000020bc                DMA6_IRQHandler
 .text.DMA7_IRQHandler
                0x000020c4        0x8 ./startup/startup_mk64f12.o
                0x000020c4                DMA7_IRQHandler
 .text.DMA8_IRQHandler
                0x000020cc        0x8 ./startup/startup_mk64f12.o
                0x000020cc                DMA8_IRQHandler
 .text.DMA9_IRQHandler
                0x000020d4        0x8 ./startup/startup_mk64f12.o
                0x000020d4                DMA9_IRQHandler
 .text.DMA10_IRQHandler
                0x000020dc        0x8 ./startup/startup_mk64f12.o
                0x000020dc                DMA10_IRQHandler
 .text.DMA11_IRQHandler
                0x000020e4        0x8 ./startup/startup_mk64f12.o
                0x000020e4                DMA11_IRQHandler
 .text.DMA12_IRQHandler
                0x000020ec        0x8 ./startup/startup_mk64f12.o
                0x000020ec                DMA12_IRQHandler
 .text.DMA13_IRQHandler
                0x000020f4        0x8 ./startup/startup_mk64f12.o
                0x000020f4                DMA13_IRQHandler
 .text.DMA14_IRQHandler
                0x000020fc        0x8 ./startup/startup_mk64f12.o
                0x000020fc                DMA14_IRQHandler
 .text.DMA15_IRQHandler
                0x00002104        0x8 ./startup/startup_mk64f12.o
                0x00002104                DMA15_IRQHandler
 .text.DMA_Error_IRQHandler
                0x0000210c        0x8 ./startup/startup_mk64f12.o
                0x0000210c                DMA_Error_IRQHandler
 .text.MCM_IRQHandler
                0x00002114        0x8 ./startup/startup_mk64f12.o
                0x00002114                MCM_IRQHandler
 .text.FTFE_IRQHandler
                0x0000211c        0x8 ./startup/startup_mk64f12.o
                0x0000211c                FTFE_IRQHandler
 .text.Read_Collision_IRQHandler
                0x00002124        0x8 ./startup/startup_mk64f12.o
                0x00002124                Read_Collision_IRQHandler
 .text.LVD_LVW_IRQHandler
                0x0000212c        0x8 ./startup/startup_mk64f12.o
                0x0000212c                LVD_LVW_IRQHandler
 .text.LLWU_IRQHandler
                0x00002134        0x8 ./startup/startup_mk64f12.o
                0x00002134                LLWU_IRQHandler
 .text.WDOG_EWM_IRQHandler
                0x0000213c        0x8 ./startup/startup_mk64f12.o
                0x0000213c                WDOG_EWM_IRQHandler
 .text.RNG_IRQHandler
                0x00002144        0x8 ./startup/startup_mk64f12.o
                0x00002144                RNG_IRQHandler
 .text.I2C0_IRQHandler
                0x0000214c        0x8 ./startup/startup_mk64f12.o
                0x0000214c                I2C0_IRQHandler
 .text.I2C1_IRQHandler
                0x00002154        0x8 ./startup/startup_mk64f12.o
                0x00002154                I2C1_IRQHandler
 .text.SPI0_IRQHandler
                0x0000215c        0x8 ./startup/startup_mk64f12.o
                0x0000215c                SPI0_IRQHandler
 .text.SPI1_IRQHandler
                0x00002164        0x8 ./startup/startup_mk64f12.o
                0x00002164                SPI1_IRQHandler
 .text.I2S0_Tx_IRQHandler
                0x0000216c        0x8 ./startup/startup_mk64f12.o
                0x0000216c                I2S0_Tx_IRQHandler
 .text.I2S0_Rx_IRQHandler
                0x00002174        0x8 ./startup/startup_mk64f12.o
                0x00002174                I2S0_Rx_IRQHandler
 .text.UART0_LON_IRQHandler
                0x0000217c        0x8 ./startup/startup_mk64f12.o
                0x0000217c                UART0_LON_IRQHandler
 .text.UART0_RX_TX_IRQHandler
                0x00002184        0x8 ./startup/startup_mk64f12.o
                0x00002184                UART0_RX_TX_IRQHandler
 .text.UART0_ERR_IRQHandler
                0x0000218c        0x8 ./startup/startup_mk64f12.o
                0x0000218c                UART0_ERR_IRQHandler
 .text.UART1_RX_TX_IRQHandler
                0x00002194        0x8 ./startup/startup_mk64f12.o
                0x00002194                UART1_RX_TX_IRQHandler
 .text.UART1_ERR_IRQHandler
                0x0000219c        0x8 ./startup/startup_mk64f12.o
                0x0000219c                UART1_ERR_IRQHandler
 .text.UART2_RX_TX_IRQHandler
                0x000021a4        0x8 ./startup/startup_mk64f12.o
                0x000021a4                UART2_RX_TX_IRQHandler
 .text.UART2_ERR_IRQHandler
                0x000021ac        0x8 ./startup/startup_mk64f12.o
                0x000021ac                UART2_ERR_IRQHandler
 .text.UART3_RX_TX_IRQHandler
                0x000021b4        0x8 ./startup/startup_mk64f12.o
                0x000021b4                UART3_RX_TX_IRQHandler
 .text.UART3_ERR_IRQHandler
                0x000021bc        0x8 ./startup/startup_mk64f12.o
                0x000021bc                UART3_ERR_IRQHandler
 .text.ADC0_IRQHandler
                0x000021c4        0x8 ./startup/startup_mk64f12.o
                0x000021c4                ADC0_IRQHandler
 .text.CMP0_IRQHandler
                0x000021cc        0x8 ./startup/startup_mk64f12.o
                0x000021cc                CMP0_IRQHandler
 .text.CMP1_IRQHandler
                0x000021d4        0x8 ./startup/startup_mk64f12.o
                0x000021d4                CMP1_IRQHandler
 .text.FTM0_IRQHandler
                0x000021dc        0x8 ./startup/startup_mk64f12.o
                0x000021dc                FTM0_IRQHandler
 .text.FTM1_IRQHandler
                0x000021e4        0x8 ./startup/startup_mk64f12.o
                0x000021e4                FTM1_IRQHandler
 .text.FTM2_IRQHandler
                0x000021ec        0x8 ./startup/startup_mk64f12.o
                0x000021ec                FTM2_IRQHandler
 .text.CMT_IRQHandler
                0x000021f4        0x8 ./startup/startup_mk64f12.o
                0x000021f4                CMT_IRQHandler
 .text.RTC_IRQHandler
                0x000021fc        0x8 ./startup/startup_mk64f12.o
                0x000021fc                RTC_IRQHandler
 .text.RTC_Seconds_IRQHandler
                0x00002204        0x8 ./startup/startup_mk64f12.o
                0x00002204                RTC_Seconds_IRQHandler
 .text.PIT1_IRQHandler
                0x0000220c        0x8 ./startup/startup_mk64f12.o
                0x0000220c                PIT1_IRQHandler
 .text.PIT2_IRQHandler
                0x00002214        0x8 ./startup/startup_mk64f12.o
                0x00002214                PIT2_IRQHandler
 .text.PIT3_IRQHandler
                0x0000221c        0x8 ./startup/startup_mk64f12.o
                0x0000221c                PIT3_IRQHandler
 .text.PDB0_IRQHandler
                0x00002224        0x8 ./startup/startup_mk64f12.o
                0x00002224                PDB0_IRQHandler
 .text.USB0_IRQHandler
                0x0000222c        0x8 ./startup/startup_mk64f12.o
                0x0000222c                USB0_IRQHandler
 .text.USBDCD_IRQHandler
                0x00002234        0x8 ./startup/startup_mk64f12.o
                0x00002234                USBDCD_IRQHandler
 .text.Reserved71_IRQHandler
                0x0000223c        0x8 ./startup/startup_mk64f12.o
                0x0000223c                Reserved71_IRQHandler
 .text.DAC0_IRQHandler
                0x00002244        0x8 ./startup/startup_mk64f12.o
                0x00002244                DAC0_IRQHandler
 .text.MCG_IRQHandler
                0x0000224c        0x8 ./startup/startup_mk64f12.o
                0x0000224c                MCG_IRQHandler
 .text.LPTMR0_IRQHandler
                0x00002254        0x8 ./startup/startup_mk64f12.o
                0x00002254                LPTMR0_IRQHandler
 .text.PORTA_IRQHandler
                0x0000225c        0x8 ./startup/startup_mk64f12.o
                0x0000225c                PORTA_IRQHandler
 .text.PORTB_IRQHandler
                0x00002264        0x8 ./startup/startup_mk64f12.o
                0x00002264                PORTB_IRQHandler
 .text.PORTC_IRQHandler
                0x0000226c        0x8 ./startup/startup_mk64f12.o
                0x0000226c                PORTC_IRQHandler
 .text.PORTD_IRQHandler
                0x00002274        0x8 ./startup/startup_mk64f12.o
                0x00002274                PORTD_IRQHandler
 .text.PORTE_IRQHandler
                0x0000227c        0x8 ./startup/startup_mk64f12.o
                0x0000227c                PORTE_IRQHandler
 .text.SWI_IRQHandler
                0x00002284        0x8 ./startup/startup_mk64f12.o
                0x00002284                SWI_IRQHandler
 .text.SPI2_IRQHandler
                0x0000228c        0x8 ./startup/startup_mk64f12.o
                0x0000228c                SPI2_IRQHandler
 .text.UART4_RX_TX_IRQHandler
                0x00002294        0x8 ./startup/startup_mk64f12.o
                0x00002294                UART4_RX_TX_IRQHandler
 .text.UART4_ERR_IRQHandler
                0x0000229c        0x8 ./startup/startup_mk64f12.o
                0x0000229c                UART4_ERR_IRQHandler
 .text.UART5_RX_TX_IRQHandler
                0x000022a4        0x8 ./startup/startup_mk64f12.o
                0x000022a4                UART5_RX_TX_IRQHandler
 .text.UART5_ERR_IRQHandler
                0x000022ac        0x8 ./startup/startup_mk64f12.o
                0x000022ac                UART5_ERR_IRQHandler
 .text.CMP2_IRQHandler
                0x000022b4        0x8 ./startup/startup_mk64f12.o
                0x000022b4                CMP2_IRQHandler
 .text.FTM3_IRQHandler
                0x000022bc        0x8 ./startup/startup_mk64f12.o
                0x000022bc                FTM3_IRQHandler
 .text.DAC1_IRQHandler
                0x000022c4        0x8 ./startup/startup_mk64f12.o
                0x000022c4                DAC1_IRQHandler
 .text.ADC1_IRQHandler
                0x000022cc        0x8 ./startup/startup_mk64f12.o
                0x000022cc                ADC1_IRQHandler
 .text.I2C2_IRQHandler
                0x000022d4        0x8 ./startup/startup_mk64f12.o
                0x000022d4                I2C2_IRQHandler
 .text.CAN0_ORed_Message_buffer_IRQHandler
                0x000022dc        0x8 ./startup/startup_mk64f12.o
                0x000022dc                CAN0_ORed_Message_buffer_IRQHandler
 .text.CAN0_Bus_Off_IRQHandler
                0x000022e4        0x8 ./startup/startup_mk64f12.o
                0x000022e4                CAN0_Bus_Off_IRQHandler
 .text.CAN0_Error_IRQHandler
                0x000022ec        0x8 ./startup/startup_mk64f12.o
                0x000022ec                CAN0_Error_IRQHandler
 .text.CAN0_Tx_Warning_IRQHandler
                0x000022f4        0x8 ./startup/startup_mk64f12.o
                0x000022f4                CAN0_Tx_Warning_IRQHandler
 .text.CAN0_Rx_Warning_IRQHandler
                0x000022fc        0x8 ./startup/startup_mk64f12.o
                0x000022fc                CAN0_Rx_Warning_IRQHandler
 .text.CAN0_Wake_Up_IRQHandler
                0x00002304        0x8 ./startup/startup_mk64f12.o
                0x00002304                CAN0_Wake_Up_IRQHandler
 .text.SDHC_IRQHandler
                0x0000230c        0x8 ./startup/startup_mk64f12.o
                0x0000230c                SDHC_IRQHandler
 .text.ENET_1588_Timer_IRQHandler
                0x00002314        0x8 ./startup/startup_mk64f12.o
                0x00002314                ENET_1588_Timer_IRQHandler
 .text.ENET_Transmit_IRQHandler
                0x0000231c        0x8 ./startup/startup_mk64f12.o
                0x0000231c                ENET_Transmit_IRQHandler
 .text.ENET_Receive_IRQHandler
                0x00002324        0x8 ./startup/startup_mk64f12.o
                0x00002324                ENET_Receive_IRQHandler
 .text.ENET_Error_IRQHandler
                0x0000232c        0x8 ./startup/startup_mk64f12.o
                0x0000232c                ENET_Error_IRQHandler
 .text.CLOCK_EnableClock
                0x00002334       0x34 ./source/LCD_nokia.o
 .text.GPIO_PortSet
                0x00002368       0x1c ./source/LCD_nokia.o
 .text.GPIO_PortClear
                0x00002384       0x1c ./source/LCD_nokia.o
 .text.PORT_SetPinMux
                0x000023a0       0x3a ./source/LCD_nokia.o
 .text.LCD_nokia_bitmap
                0x000023da       0x3a ./source/LCD_nokia.o
                0x000023da                LCD_nokia_bitmap
 .text.LCD_nokia_clear
                0x00002414       0x36 ./source/LCD_nokia.o
                0x00002414                LCD_nokia_clear
 .text.LCD_nokia_goto_xy
                0x0000244a       0x38 ./source/LCD_nokia.o
                0x0000244a                LCD_nokia_goto_xy
 .text.LCD_nokia_delay
                0x00002482       0x2a ./source/LCD_nokia.o
                0x00002482                LCD_nokia_delay
 .text.EnableIRQ
                0x000024ac       0x32 ./source/PIT.o
 .text.PIT_EnableInterrupts
                0x000024de       0x3a ./source/PIT.o
 .text.PIT_ClearStatusFlags
                0x00002518       0x2a ./source/PIT.o
 .text.PIT_StartTimer
                0x00002542       0x38 ./source/PIT.o
 .text.CLOCK_EnableClock
                0x0000257a       0x34 ./source/SPI.o
 .text.PORT_SetPinMux
                0x000025ae       0x3a ./source/SPI.o
 .text.main     0x000025e8       0xe6 ./source/main.o
                0x000025e8                main
 .text.HardFault_Handler
                0x000026ce       0x36 ./source/semihost_hardfault.o
                0x000026ce                HardFault_Handler
 .text.CLOCK_GetPll0RefFreq
                0x00002704        0xe ./drivers/fsl_clock.o
 .text.CLOCK_GetFixedFreqClkFreq
                0x00002712       0x34 ./drivers/fsl_clock.o
                0x00002712                CLOCK_GetFixedFreqClkFreq
 .text.CLOCK_EnableClock
                0x00002746       0x34 ./drivers/fsl_dspi.o
 .text.DSPI_Enable
                0x0000277a       0x38 ./drivers/fsl_dspi.o
 .text.DSPI_GetStatusFlags
                0x000027b2       0x18 ./drivers/fsl_dspi.o
 .text.DSPI_ClearStatusFlags
                0x000027ca       0x1c ./drivers/fsl_dspi.o
 .text.DSPI_DisableInterrupts
                0x000027e6       0x24 ./drivers/fsl_dspi.o
 .text.DSPI_SetMasterSlaveMode
                0x0000280a       0x2a ./drivers/fsl_dspi.o
 .text.DSPI_IsMaster
                0x00002834       0x26 ./drivers/fsl_dspi.o
 .text.DSPI_StartTransfer
                0x0000285a       0x20 ./drivers/fsl_dspi.o
 .text.DSPI_StopTransfer
                0x0000287a       0x20 ./drivers/fsl_dspi.o
 .text.DSPI_FlushFifo
                0x0000289a       0x48 ./drivers/fsl_dspi.o
 .text.DSPI_MasterGetFormattedCommand
                0x000028e2       0x4a ./drivers/fsl_dspi.o
 .text.DSPI_ReadData
                0x0000292c       0x18 ./drivers/fsl_dspi.o
 .text.DSPI_SetOnePcsPolarity
                0x00002944       0x4e ./drivers/fsl_dspi.o
 .text.GPIO_PinWrite
                0x00002992       0x36 ./drivers/fsl_gpio.o
 .text.CLOCK_EnableClock
                0x000029c8       0x34 ./drivers/fsl_pit.o
 .text.UART0_RX_TX_DriverIRQHandler
                0x000029fc       0x12 ./drivers/fsl_uart.o
                0x000029fc                UART0_RX_TX_DriverIRQHandler
 .text.UART1_RX_TX_DriverIRQHandler
                0x00002a0e       0x12 ./drivers/fsl_uart.o
                0x00002a0e                UART1_RX_TX_DriverIRQHandler
 .text.UART2_RX_TX_DriverIRQHandler
                0x00002a20       0x12 ./drivers/fsl_uart.o
                0x00002a20                UART2_RX_TX_DriverIRQHandler
 .text.UART3_RX_TX_DriverIRQHandler
                0x00002a32       0x12 ./drivers/fsl_uart.o
                0x00002a32                UART3_RX_TX_DriverIRQHandler
 .text.UART4_RX_TX_DriverIRQHandler
                0x00002a44       0x12 ./drivers/fsl_uart.o
                0x00002a44                UART4_RX_TX_DriverIRQHandler
 .text.UART5_RX_TX_DriverIRQHandler
                0x00002a56       0x12 ./drivers/fsl_uart.o
                0x00002a56                UART5_RX_TX_DriverIRQHandler
 .text.SystemInitHook
                0x00002a68        0xe ./device/system_MK64F12.o
                0x00002a68                SystemInitHook
 .text.__main   0x00002a76        0xe c:/nxp/mcuxpressoide_11.9.0_2144/ide/plugins/com.nxp.mcuxpresso.tools.win32_11.9.0.202307121226/tools/bin/../lib/gcc/arm-none-eabi/12.3.1/../../../../arm-none-eabi/lib/thumb/v7e-m+fp/hard\libcr_nohost_nf.a(_cr__main.o)
                0x00002a76                __main
 .text.__sys_appexit
                0x00002a84        0x2 c:/nxp/mcuxpressoide_11.9.0_2144/ide/plugins/com.nxp.mcuxpresso.tools.win32_11.9.0.202307121226/tools/bin/../lib/gcc/arm-none-eabi/12.3.1/../../../../arm-none-eabi/lib/thumb/v7e-m+fp/hard\libcr_nohost_nf.a(__sys_appexit.o)
                0x00002a84                __sys_appexit
                0x00002a84                __exit
 .text.memset   0x00002a86        0x4 c:/nxp/mcuxpressoide_11.9.0_2144/ide/plugins/com.nxp.mcuxpresso.tools.win32_11.9.0.202307121226/tools/bin/../lib/gcc/arm-none-eabi/12.3.1/../../../../arm-none-eabi/lib/thumb/v7e-m+fp/hard\libcr_c.a(memset.o)
                0x00002a86                memset
 .text._deferredlazyseek
                0x00002a8a       0x40 c:/nxp/mcuxpressoide_11.9.0_2144/ide/plugins/com.nxp.mcuxpresso.tools.win32_11.9.0.202307121226/tools/bin/../lib/gcc/arm-none-eabi/12.3.1/../../../../arm-none-eabi/lib/thumb/v7e-m+fp/hard\libcr_c.a(_deferredlazyseek.o)
                0x00002a8a                _deferredlazyseek
 .text.__flsbuf
                0x00002aca      0x140 c:/nxp/mcuxpressoide_11.9.0_2144/ide/plugins/com.nxp.mcuxpresso.tools.win32_11.9.0.202307121226/tools/bin/../lib/gcc/arm-none-eabi/12.3.1/../../../../arm-none-eabi/lib/thumb/v7e-m+fp/hard\libcr_c.a(_deferredlazyseek.o)
                0x00002aca                __flsbuf
 .text._fflush  0x00002c0a       0x52 c:/nxp/mcuxpressoide_11.9.0_2144/ide/plugins/com.nxp.mcuxpresso.tools.win32_11.9.0.202307121226/tools/bin/../lib/gcc/arm-none-eabi/12.3.1/../../../../arm-none-eabi/lib/thumb/v7e-m+fp/hard\libcr_c.a(_fflush.o)
                0x00002c0a                _fflush
 .text.free     0x00002c5c       0x30 c:/nxp/mcuxpressoide_11.9.0_2144/ide/plugins/com.nxp.mcuxpresso.tools.win32_11.9.0.202307121226/tools/bin/../lib/gcc/arm-none-eabi/12.3.1/../../../../arm-none-eabi/lib/thumb/v7e-m+fp/hard\libcr_c.a(alloc.o)
                0x00002c5c                free
 .text.fputs    0x00002c8c       0x2c c:/nxp/mcuxpressoide_11.9.0_2144/ide/plugins/com.nxp.mcuxpresso.tools.win32_11.9.0.202307121226/tools/bin/../lib/gcc/arm-none-eabi/12.3.1/../../../../arm-none-eabi/lib/thumb/v7e-m+fp/hard\libcr_c.a(fputs.o)
                0x00002c8c                fputs
 .text.setvbuf  0x00002cb8       0x3e c:/nxp/mcuxpressoide_11.9.0_2144/ide/plugins/com.nxp.mcuxpresso.tools.win32_11.9.0.202307121226/tools/bin/../lib/gcc/arm-none-eabi/12.3.1/../../../../arm-none-eabi/lib/thumb/v7e-m+fp/hard\libcr_c.a(setvbuf.o)
                0x00002cb8                setvbuf
 .text.strlen   0x00002cf6       0x4e c:/nxp/mcuxpressoide_11.9.0_2144/ide/plugins/com.nxp.mcuxpresso.tools.win32_11.9.0.202307121226/tools/bin/../lib/gcc/arm-none-eabi/12.3.1/../../../../arm-none-eabi/lib/thumb/v7e-m+fp/hard\libcr_c.a(strlen.o)
                0x00002cf6                strlen
 .text._fdopen  0x00002d44       0x68 c:/nxp/mcuxpressoide_11.9.0_2144/ide/plugins/com.nxp.mcuxpresso.tools.win32_11.9.0.202307121226/tools/bin/../lib/gcc/arm-none-eabi/12.3.1/../../../../arm-none-eabi/lib/thumb/v7e-m+fp/hard\libcr_c.a(_fdopen.o)
                0x00002d44                _fdopen
 .text.fclose   0x00002dac       0x58 c:/nxp/mcuxpressoide_11.9.0_2144/ide/plugins/com.nxp.mcuxpresso.tools.win32_11.9.0.202307121226/tools/bin/../lib/gcc/arm-none-eabi/12.3.1/../../../../arm-none-eabi/lib/thumb/v7e-m+fp/hard\libcr_c.a(fclose.o)
                0x00002dac                fclose
 .text.remove   0x00002e04       0x14 c:/nxp/mcuxpressoide_11.9.0_2144/ide/plugins/com.nxp.mcuxpresso.tools.win32_11.9.0.202307121226/tools/bin/../lib/gcc/arm-none-eabi/12.3.1/../../../../arm-none-eabi/lib/thumb/v7e-m+fp/hard\libcr_c.a(remove.o)
                0x00002e04                remove
 .text._do_fflush
                0x00002e18       0x40 c:/nxp/mcuxpressoide_11.9.0_2144/ide/plugins/com.nxp.mcuxpresso.tools.win32_11.9.0.202307121226/tools/bin/../lib/gcc/arm-none-eabi/12.3.1/../../../../arm-none-eabi/lib/thumb/v7e-m+fp/hard\libcr_c.a(_do_fflush.o)
                0x00002e18                _do_fflush
 .text.__aeabi_memset_lowlevel
                0x00002e58       0x32 c:/nxp/mcuxpressoide_11.9.0_2144/ide/plugins/com.nxp.mcuxpresso.tools.win32_11.9.0.202307121226/tools/bin/../lib/gcc/arm-none-eabi/12.3.1/thumb/v7e-m+fp/hard\libcr_eabihelpers.a(memcpy.o)
                0x00002e58                __aeabi_lowlevel_memset
 .text.__sys_close
                0x00002e8a        0x6 c:/nxp/mcuxpressoide_11.9.0_2144/ide/plugins/com.nxp.mcuxpresso.tools.win32_11.9.0.202307121226/tools/bin/../lib/gcc/arm-none-eabi/12.3.1/../../../../arm-none-eabi/lib/thumb/v7e-m+fp/hard\libcr_nohost_nf.a(__sys_close.o)
                0x00002e8a                __sys_close
 .text.__sys_flen
                0x00002e90        0x6 c:/nxp/mcuxpressoide_11.9.0_2144/ide/plugins/com.nxp.mcuxpresso.tools.win32_11.9.0.202307121226/tools/bin/../lib/gcc/arm-none-eabi/12.3.1/../../../../arm-none-eabi/lib/thumb/v7e-m+fp/hard\libcr_nohost_nf.a(__sys_flen.o)
                0x00002e90                __sys_flen
 .text.__sys_istty
                0x00002e96        0x6 c:/nxp/mcuxpressoide_11.9.0_2144/ide/plugins/com.nxp.mcuxpresso.tools.win32_11.9.0.202307121226/tools/bin/../lib/gcc/arm-none-eabi/12.3.1/../../../../arm-none-eabi/lib/thumb/v7e-m+fp/hard\libcr_nohost_nf.a(__sys_istty.o)
                0x00002e96                __sys_istty
 .text.__sys_remove
                0x00002e9c        0x6 c:/nxp/mcuxpressoide_11.9.0_2144/ide/plugins/com.nxp.mcuxpresso.tools.win32_11.9.0.202307121226/tools/bin/../lib/gcc/arm-none-eabi/12.3.1/../../../../arm-none-eabi/lib/thumb/v7e-m+fp/hard\libcr_nohost_nf.a(__sys_remove.o)
                0x00002e9c                __sys_remove
 .text.__sys_seek
                0x00002ea2        0x6 c:/nxp/mcuxpressoide_11.9.0_2144/ide/plugins/com.nxp.mcuxpresso.tools.win32_11.9.0.202307121226/tools/bin/../lib/gcc/arm-none-eabi/12.3.1/../../../../arm-none-eabi/lib/thumb/v7e-m+fp/hard\libcr_nohost_nf.a(__sys_seek.o)
                0x00002ea2                __sys_seek
 .text.__sys_tmpnam
                0x00002ea8        0x6 c:/nxp/mcuxpressoide_11.9.0_2144/ide/plugins/com.nxp.mcuxpresso.tools.win32_11.9.0.202307121226/tools/bin/../lib/gcc/arm-none-eabi/12.3.1/../../../../arm-none-eabi/lib/thumb/v7e-m+fp/hard\libcr_nohost_nf.a(__sys_tmpnam.o)
                0x00002ea8                __sys_tmpnam
 .text.__sys_write
                0x00002eae        0x4 c:/nxp/mcuxpressoide_11.9.0_2144/ide/plugins/com.nxp.mcuxpresso.tools.win32_11.9.0.202307121226/tools/bin/../lib/gcc/arm-none-eabi/12.3.1/../../../../arm-none-eabi/lib/thumb/v7e-m+fp/hard\libcr_nohost_nf.a(__sys_write.o)
                0x00002eae                __sys_write
 *(SORT_BY_ALIGNMENT(.rodata) SORT_BY_ALIGNMENT(.rodata.*) SORT_BY_ALIGNMENT(.constdata) SORT_BY_ALIGNMENT(.constdata.*))
 *fill*         0x00002eb2        0x2 ff
 .rodata        0x00002eb4        0x2 ./source/LCD_nokia.o
 *fill*         0x00002eb6        0x2 ff
 .rodata.PIT_GetDefaultConfig.str1.4
                0x00002eb8       0x47 ./source/PIT.o
 *fill*         0x00002eff        0x1 ff
 .rodata.PIT_SetTimerPeriod.str1.4
                0x00002f00       0x44 ./source/PIT.o
 .rodata.CLOCK_GetMcgExtClkFreq.str1.4
                0x00002f44       0x49 ./drivers/fsl_clock.o
 *fill*         0x00002f8d        0x3 ff
 .rodata.CLOCK_GetOsc0ErClkFreq.str1.4
                0x00002f90       0x1e ./drivers/fsl_clock.o
 *fill*         0x00002fae        0x2 ff
 .rodata.CLOCK_GetEr32kClkFreq.str1.4
                0x00002fb0       0x1f ./drivers/fsl_clock.o
 *fill*         0x00002fcf        0x1 ff
 .rodata.CLOCK_GetPll0Freq.str1.4
                0x00002fd0       0x1d ./drivers/fsl_clock.o
 *fill*         0x00002fed        0x3 ff
 .rodata.fllFactorTable.1
                0x00002ff0       0x10 ./drivers/fsl_clock.o
 .rodata.s_baudratePrescaler
                0x00003000       0x10 ./drivers/fsl_dspi.o
 .rodata.s_baudrateScaler
                0x00003010       0x40 ./drivers/fsl_dspi.o
 .rodata.s_delayPrescaler
                0x00003050       0x10 ./drivers/fsl_dspi.o
 .rodata.s_delayScaler
                0x00003060       0x40 ./drivers/fsl_dspi.o
 .rodata.s_dspiBases
                0x000030a0        0xc ./drivers/fsl_dspi.o
 .rodata.s_dspiClock
                0x000030ac        0xc ./drivers/fsl_dspi.o
 .rodata.DSPI_GetInstance.str1.4
                0x000030b8       0x34 ./drivers/fsl_dspi.o
 .rodata.DSPI_MasterInit.str1.4
                0x000030ec       0x3f ./drivers/fsl_dspi.o
 *fill*         0x0000312b        0x1 ff
 .rodata.DSPI_MasterSetDelayScaler.str1.4
                0x0000312c       0x17 ./drivers/fsl_dspi.o
 *fill*         0x00003143        0x1 ff
 .rodata.DSPI_MasterTransferBlocking.str1.4
                0x00003144       0x22 ./drivers/fsl_dspi.o
 *fill*         0x00003166        0x2 ff
 .rodata.DSPI_MasterHalfDuplexTransferBlocking.str1.4
                0x00003168       0x1f ./drivers/fsl_dspi.o
 *fill*         0x00003187        0x1 ff
 .rodata.SPI0_DriverIRQHandler.str1.4
                0x00003188       0x2a ./drivers/fsl_dspi.o
 *fill*         0x000031b2        0x2 ff
 .rodata.SPI1_DriverIRQHandler.str1.4
                0x000031b4       0x2a ./drivers/fsl_dspi.o
 *fill*         0x000031de        0x2 ff
 .rodata.SPI2_DriverIRQHandler.str1.4
                0x000031e0       0x2a ./drivers/fsl_dspi.o
 *fill*         0x0000320a        0x2 ff
 .rodata.GPIO_PinInit.str1.4
                0x0000320c       0x20 ./drivers/fsl_gpio.o
 .rodata.PIT_GetInstance.str1.4
                0x0000322c       0x31 ./drivers/fsl_pit.o
 *fill*         0x0000325d        0x3 ff
 .rodata.PIT_Init.str1.4
                0x00003260       0x1e ./drivers/fsl_pit.o
 *fill*         0x0000327e        0x2 ff
 .rodata.__num_Ciob_streams
                0x00003280        0x4 c:/nxp/mcuxpressoide_11.9.0_2144/ide/plugins/com.nxp.mcuxpresso.tools.win32_11.9.0.202307121226/tools/bin/../lib/gcc/arm-none-eabi/12.3.1/../../../../arm-none-eabi/lib/thumb/v7e-m+fp/hard\libcr_nohost_nf.a(__ciob.o)
                0x00003280                __num_Ciob_streams
 .rodata.__assertion_failed.str1.1
                0x00003284       0x15 c:/nxp/mcuxpressoide_11.9.0_2144/ide/plugins/com.nxp.mcuxpresso.tools.win32_11.9.0.202307121226/tools/bin/../lib/gcc/arm-none-eabi/12.3.1/../../../../arm-none-eabi/lib/thumb/v7e-m+fp/hard\libcr_nohost_nf.a(_cr_assert.o)
 .rodata._Csys_alloc.str1.1
                0x00003299       0x18 c:/nxp/mcuxpressoide_11.9.0_2144/ide/plugins/com.nxp.mcuxpresso.tools.win32_11.9.0.202307121226/tools/bin/../lib/gcc/arm-none-eabi/12.3.1/../../../../arm-none-eabi/lib/thumb/v7e-m+fp/hard\libcr_c.a(alloc.o)
 .rodata._initio.str1.1
                0x000032b1        0x4 c:/nxp/mcuxpressoide_11.9.0_2144/ide/plugins/com.nxp.mcuxpresso.tools.win32_11.9.0.202307121226/tools/bin/../lib/gcc/arm-none-eabi/12.3.1/../../../../arm-none-eabi/lib/thumb/v7e-m+fp/hard\libcr_c.a(initio.o)
                0x000032b8                        . = ALIGN (0x8)
 *fill*         0x000032b5        0x3 ff

.glue_7         0x000032b8        0x0
 .glue_7        0x000032b8        0x0 linker stubs

.glue_7t        0x000032b8        0x0
 .glue_7t       0x000032b8        0x0 linker stubs

.vfp11_veneer   0x000032b8        0x0
 .vfp11_veneer  0x000032b8        0x0 linker stubs

.v4_bx          0x000032b8        0x0
 .v4_bx         0x000032b8        0x0 linker stubs

.iplt           0x000032b8        0x0
 .iplt          0x000032b8        0x0 ./startup/startup_mk64f12.o

.rel.dyn        0x000032b8        0x0
 .rel.iplt      0x000032b8        0x0 ./startup/startup_mk64f12.o

.ARM.extab
 *(SORT_BY_ALIGNMENT(.ARM.extab*) SORT_BY_ALIGNMENT(.gnu.linkonce.armextab.*))

.ARM.exidx      0x000032b8        0x0
                0x000032b8                        __exidx_start = .
 *(SORT_BY_ALIGNMENT(.ARM.exidx*) SORT_BY_ALIGNMENT(.gnu.linkonce.armexidx.*))
                0x000032b8                        __exidx_end = .
                0x000032b8                        _etext = .

.m_usb_data
 *(SORT_BY_ALIGNMENT(m_usb_bdt))

.data_RAM2      0x1fff0000        0x0 load address 0x000032b8
 FILL mask 0xff
                [!provide]                        PROVIDE (__start_data_RAM2 = .)
                [!provide]                        PROVIDE (__start_data_SRAM_LOWER = .)
 *(SORT_BY_ALIGNMENT(.ramfunc.$RAM2))
 *(SORT_BY_ALIGNMENT(.ramfunc.$SRAM_LOWER))
 *(SORT_BY_ALIGNMENT(.data.$RAM2))
 *(SORT_BY_ALIGNMENT(.data.$SRAM_LOWER))
 *(SORT_BY_ALIGNMENT(.data.$RAM2.*))
 *(SORT_BY_ALIGNMENT(.data.$SRAM_LOWER.*))
                0x1fff0000                        . = ALIGN (0x8)
                [!provide]                        PROVIDE (__end_data_RAM2 = .)
                [!provide]                        PROVIDE (__end_data_SRAM_LOWER = .)

.data_RAM3      0x14000000        0x0 load address 0x000032b8
 FILL mask 0xff
                [!provide]                        PROVIDE (__start_data_RAM3 = .)
                [!provide]                        PROVIDE (__start_data_FLEX_RAM = .)
 *(SORT_BY_ALIGNMENT(.ramfunc.$RAM3))
 *(SORT_BY_ALIGNMENT(.ramfunc.$FLEX_RAM))
 *(SORT_BY_ALIGNMENT(.data.$RAM3))
 *(SORT_BY_ALIGNMENT(.data.$FLEX_RAM))
 *(SORT_BY_ALIGNMENT(.data.$RAM3.*))
 *(SORT_BY_ALIGNMENT(.data.$FLEX_RAM.*))
                0x14000000                        . = ALIGN (0x8)
                [!provide]                        PROVIDE (__end_data_RAM3 = .)
                [!provide]                        PROVIDE (__end_data_FLEX_RAM = .)

.uninit_RESERVED
                0x20000000        0x0
                0x20000000                        _start_uninit_RESERVED = .
 *(SORT_BY_ALIGNMENT(.bss.$RESERVED*))
                0x20000000                        . = ALIGN (0x8)
                0x20000000                        _end_uninit_RESERVED = .

.data           0x20000000      0x200 load address 0x000032b8
 FILL mask 0xff
                0x20000000                        _data = .
                [!provide]                        PROVIDE (__start_data_RAM = .)
                [!provide]                        PROVIDE (__start_data_SRAM_UPPER = .)
 *(SORT_BY_ALIGNMENT(vtable))
 *(SORT_BY_ALIGNMENT(.ramfunc*))
 *(SORT_BY_ALIGNMENT(CodeQuickAccess))
 *(SORT_BY_ALIGNMENT(DataQuickAccess))
 *(SORT_BY_ALIGNMENT(RamFunction))
 *(SORT_BY_ALIGNMENT(.data*))
 .data.ITESO    0x20000000      0x1f8 ./source/LCD_nokia_images.o
                0x20000000                ITESO
 .data.s_slowIrcFreq
                0x200001f8        0x4 ./drivers/fsl_clock.o
 .data.s_fastIrcFreq
                0x200001fc        0x4 ./drivers/fsl_clock.o
                0x20000200                        . = ALIGN (0x8)
                0x20000200                        _edata = .
                [!provide]                        PROVIDE (__end_data_RAM = .)
                [!provide]                        PROVIDE (__end_data_SRAM_UPPER = .)

.igot.plt       0x20000200        0x0 load address 0x000034b8
 .igot.plt      0x20000200        0x0 ./startup/startup_mk64f12.o

.bss_RAM2       0x1fff0000        0x0
                [!provide]                        PROVIDE (__start_bss_RAM2 = .)
                [!provide]                        PROVIDE (__start_bss_SRAM_LOWER = .)
 *(SORT_BY_ALIGNMENT(.bss.$RAM2))
 *(SORT_BY_ALIGNMENT(.bss.$SRAM_LOWER))
 *(SORT_BY_ALIGNMENT(.bss.$RAM2.*))
 *(SORT_BY_ALIGNMENT(.bss.$SRAM_LOWER.*))
                0x1fff0000                        . = ALIGN ((. != 0x0)?0x8:0x1)
                [!provide]                        PROVIDE (__end_bss_RAM2 = .)
                [!provide]                        PROVIDE (__end_bss_SRAM_LOWER = .)

.bss_RAM3       0x14000000        0x0
                [!provide]                        PROVIDE (__start_bss_RAM3 = .)
                [!provide]                        PROVIDE (__start_bss_FLEX_RAM = .)
 *(SORT_BY_ALIGNMENT(.bss.$RAM3))
 *(SORT_BY_ALIGNMENT(.bss.$FLEX_RAM))
 *(SORT_BY_ALIGNMENT(.bss.$RAM3.*))
 *(SORT_BY_ALIGNMENT(.bss.$FLEX_RAM.*))
                0x14000000                        . = ALIGN ((. != 0x0)?0x8:0x1)
                [!provide]                        PROVIDE (__end_bss_RAM3 = .)
                [!provide]                        PROVIDE (__end_bss_FLEX_RAM = .)

.bss            0x20000200      0x118
                0x20000200                        _bss = .
                [!provide]                        PROVIDE (__start_bss_RAM = .)
                [!provide]                        PROVIDE (__start_bss_SRAM_UPPER = .)
 *(SORT_BY_ALIGNMENT(.bss*))
 .bss.g_xtal0Freq
                0x20000200        0x4 ./drivers/fsl_clock.o
                0x20000200                g_xtal0Freq
 .bss.g_xtal32Freq
                0x20000204        0x4 ./drivers/fsl_clock.o
                0x20000204                g_xtal32Freq
 .bss.g_dspiHandle
                0x20000208        0xc ./drivers/fsl_dspi.o
 .bss.s_dspiMasterIsr
                0x20000214        0x4 ./drivers/fsl_dspi.o
 .bss.s_dspiSlaveIsr
                0x20000218        0x4 ./drivers/fsl_dspi.o
 .bss.g_dspiDummyData
                0x2000021c        0x3 ./drivers/fsl_dspi.o
                0x2000021c                g_dspiDummyData
 *fill*         0x2000021f        0x1 
 .bss.s_i2cHandle
                0x20000220        0xc ./drivers/fsl_i2c.o
 .bss.s_i2cMasterIsr
                0x2000022c        0x4 ./drivers/fsl_i2c.o
 .bss.s_i2cSlaveIsr
                0x20000230        0x4 ./drivers/fsl_i2c.o
 .bss.s_uartHandle
                0x20000234       0x18 ./drivers/fsl_uart.o
                0x20000234                s_uartHandle
 .bss.s_uartIsr
                0x2000024c        0x4 ./drivers/fsl_uart.o
                0x2000024c                s_uartIsr
 .bss.__Ciob    0x20000250       0xb4 c:/nxp/mcuxpressoide_11.9.0_2144/ide/plugins/com.nxp.mcuxpresso.tools.win32_11.9.0.202307121226/tools/bin/../lib/gcc/arm-none-eabi/12.3.1/../../../../arm-none-eabi/lib/thumb/v7e-m+fp/hard\libcr_nohost_nf.a(__ciob.o)
                0x20000250                __Ciob
 .bss.errno     0x20000304        0x4 c:/nxp/mcuxpressoide_11.9.0_2144/ide/plugins/com.nxp.mcuxpresso.tools.win32_11.9.0.202307121226/tools/bin/../lib/gcc/arm-none-eabi/12.3.1/../../../../arm-none-eabi/lib/thumb/v7e-m+fp/hard\libcr_c.a(errno.o)
                0x20000304                errno
 .bss.__end_of_heap
                0x20000308        0x4 c:/nxp/mcuxpressoide_11.9.0_2144/ide/plugins/com.nxp.mcuxpresso.tools.win32_11.9.0.202307121226/tools/bin/../lib/gcc/arm-none-eabi/12.3.1/../../../../arm-none-eabi/lib/thumb/v7e-m+fp/hard\libcr_c.a(__init_alloc.o)
                0x20000308                __end_of_heap
 .bss.__heaps   0x2000030c        0x4 c:/nxp/mcuxpressoide_11.9.0_2144/ide/plugins/com.nxp.mcuxpresso.tools.win32_11.9.0.202307121226/tools/bin/../lib/gcc/arm-none-eabi/12.3.1/../../../../arm-none-eabi/lib/thumb/v7e-m+fp/hard\libcr_c.a(__init_alloc.o)
                0x2000030c                __heaps
 .bss.pitIsrFlag0
                0x20000310        0x1 ./source/PIT.o
 *(SORT_BY_ALIGNMENT(COMMON))
                0x20000318                        . = ALIGN (0x8)
 *fill*         0x20000311        0x7 
                0x20000318                        _ebss = .
                [!provide]                        PROVIDE (__end_bss_RAM = .)
                [!provide]                        PROVIDE (__end_bss_SRAM_UPPER = .)
                [!provide]                        PROVIDE (end = .)

.noinit_RAM2    0x1fff0000        0x0
                [!provide]                        PROVIDE (__start_noinit_RAM2 = .)
                [!provide]                        PROVIDE (__start_noinit_SRAM_LOWER = .)
 *(SORT_BY_ALIGNMENT(.noinit.$RAM2))
 *(SORT_BY_ALIGNMENT(.noinit.$SRAM_LOWER))
 *(SORT_BY_ALIGNMENT(.noinit.$RAM2.*))
 *(SORT_BY_ALIGNMENT(.noinit.$SRAM_LOWER.*))
                0x1fff0000                        . = ALIGN (0x8)
                [!provide]                        PROVIDE (__end_noinit_RAM2 = .)
                [!provide]                        PROVIDE (__end_noinit_SRAM_LOWER = .)

.noinit_RAM3    0x14000000        0x0
                [!provide]                        PROVIDE (__start_noinit_RAM3 = .)
                [!provide]                        PROVIDE (__start_noinit_FLEX_RAM = .)
 *(SORT_BY_ALIGNMENT(.noinit.$RAM3))
 *(SORT_BY_ALIGNMENT(.noinit.$FLEX_RAM))
 *(SORT_BY_ALIGNMENT(.noinit.$RAM3.*))
 *(SORT_BY_ALIGNMENT(.noinit.$FLEX_RAM.*))
                0x14000000                        . = ALIGN (0x8)
                [!provide]                        PROVIDE (__end_noinit_RAM3 = .)
                [!provide]                        PROVIDE (__end_noinit_FLEX_RAM = .)

.noinit         0x20000318        0x0
                0x20000318                        _noinit = .
                [!provide]                        PROVIDE (__start_noinit_RAM = .)
                [!provide]                        PROVIDE (__start_noinit_SRAM_UPPER = .)
 *(SORT_BY_ALIGNMENT(.noinit*))
                0x20000318                        . = ALIGN (0x8)
                0x20000318                        _end_noinit = .
                [!provide]                        PROVIDE (__end_noinit_RAM = .)
                [!provide]                        PROVIDE (__end_noinit_SRAM_UPPER = .)
                0x00001000                        _HeapSize = 0x1000

.heap           0x20000318     0x1000
                0x20000318                        _pvHeapStart = .
                0x20001318                        . = (. + _HeapSize)
 *fill*         0x20000318     0x1000 
                0x20001318                        . = ALIGN (0x8)
                0x20001318                        _pvHeapLimit = .
                0x00001000                        _StackSize = 0x1000

.heap2stackfill
                0x20001318     0x1000
                0x20002318                        . = (. + _StackSize)
 *fill*         0x20001318     0x1000 

.stack          0x2002f000        0x0
                0x2002f000                        _vStackBase = .
                0x2002f000                        . = ALIGN (0x8)
                0x20030000                        _vStackTop = (. + _StackSize)
                0x00000000                        _image_start = LOADADDR (.text)
                0x000034b8                        _image_end = (LOADADDR (.data) + SIZEOF (.data))
                0x000034b8                        _image_size = (_image_end - _image_start)
OUTPUT(T9_LCD_Nokia.axf elf32-littlearm)
LOAD linker stubs

.debug_info     0x00000000    0x102a3
 .debug_info    0x00000000      0xcfa ./startup/startup_mk64f12.o
 .debug_info    0x00000cfa      0xcc1 ./source/LCD_nokia.o
 .debug_info    0x000019bb       0xbb ./source/LCD_nokia_images.o
 .debug_info    0x00001a76      0xd0b ./source/PIT.o
 .debug_info    0x00002781      0xb4f ./source/SPI.o
 .debug_info    0x000032d0      0x3ec ./source/SPI_memory.o
 .debug_info    0x000036bc      0x181 ./source/main.o
 .debug_info    0x0000383d       0x3c ./source/semihost_hardfault.o
 .debug_info    0x00003879     0x21e2 ./drivers/fsl_clock.o
 .debug_info    0x00005a5b     0x2616 ./drivers/fsl_dspi.o
 .debug_info    0x00008071      0x6bb ./drivers/fsl_gpio.o
 .debug_info    0x0000872c     0x1ed1 ./drivers/fsl_i2c.o
 .debug_info    0x0000a5fd      0x78a ./drivers/fsl_pit.o
 .debug_info    0x0000ad87     0x1fcf ./drivers/fsl_uart.o
 .debug_info    0x0000cd56      0x649 ./device/system_MK64F12.o
 .debug_info    0x0000d39f       0x85 c:/nxp/mcuxpressoide_11.9.0_2144/ide/plugins/com.nxp.mcuxpresso.tools.win32_11.9.0.202307121226/tools/bin/../lib/gcc/arm-none-eabi/12.3.1/../../../../arm-none-eabi/lib/thumb/v7e-m+fp/hard\libcr_nohost_nf.a(_cr__main.o)
 .debug_info    0x0000d424      0x22e c:/nxp/mcuxpressoide_11.9.0_2144/ide/plugins/com.nxp.mcuxpresso.tools.win32_11.9.0.202307121226/tools/bin/../lib/gcc/arm-none-eabi/12.3.1/../../../../arm-none-eabi/lib/thumb/v7e-m+fp/hard\libcr_nohost_nf.a(_cr_assert.o)
 .debug_info    0x0000d652      0x18b c:/nxp/mcuxpressoide_11.9.0_2144/ide/plugins/com.nxp.mcuxpresso.tools.win32_11.9.0.202307121226/tools/bin/../lib/gcc/arm-none-eabi/12.3.1/../../../../arm-none-eabi/lib/thumb/v7e-m+fp/hard\libcr_nohost_nf.a(__ciob.o)
 .debug_info    0x0000d7dd       0x38 c:/nxp/mcuxpressoide_11.9.0_2144/ide/plugins/com.nxp.mcuxpresso.tools.win32_11.9.0.202307121226/tools/bin/../lib/gcc/arm-none-eabi/12.3.1/../../../../arm-none-eabi/lib/thumb/v7e-m+fp/hard\libcr_nohost_nf.a(__sys_appexit.o)
 .debug_info    0x0000d815       0xe3 c:/nxp/mcuxpressoide_11.9.0_2144/ide/plugins/com.nxp.mcuxpresso.tools.win32_11.9.0.202307121226/tools/bin/../lib/gcc/arm-none-eabi/12.3.1/../../../../arm-none-eabi/lib/thumb/v7e-m+fp/hard\libcr_c.a(memset.o)
 .debug_info    0x0000d8f8      0x362 c:/nxp/mcuxpressoide_11.9.0_2144/ide/plugins/com.nxp.mcuxpresso.tools.win32_11.9.0.202307121226/tools/bin/../lib/gcc/arm-none-eabi/12.3.1/../../../../arm-none-eabi/lib/thumb/v7e-m+fp/hard\libcr_c.a(_deferredlazyseek.o)
 .debug_info    0x0000dc5a      0x1e3 c:/nxp/mcuxpressoide_11.9.0_2144/ide/plugins/com.nxp.mcuxpresso.tools.win32_11.9.0.202307121226/tools/bin/../lib/gcc/arm-none-eabi/12.3.1/../../../../arm-none-eabi/lib/thumb/v7e-m+fp/hard\libcr_c.a(_fflush.o)
 .debug_info    0x0000de3d      0x282 c:/nxp/mcuxpressoide_11.9.0_2144/ide/plugins/com.nxp.mcuxpresso.tools.win32_11.9.0.202307121226/tools/bin/../lib/gcc/arm-none-eabi/12.3.1/../../../../arm-none-eabi/lib/thumb/v7e-m+fp/hard\libcr_c.a(_writebuf.o)
 .debug_info    0x0000e0bf      0x506 c:/nxp/mcuxpressoide_11.9.0_2144/ide/plugins/com.nxp.mcuxpresso.tools.win32_11.9.0.202307121226/tools/bin/../lib/gcc/arm-none-eabi/12.3.1/../../../../arm-none-eabi/lib/thumb/v7e-m+fp/hard\libcr_c.a(alloc.o)
 .debug_info    0x0000e5c5       0x44 c:/nxp/mcuxpressoide_11.9.0_2144/ide/plugins/com.nxp.mcuxpresso.tools.win32_11.9.0.202307121226/tools/bin/../lib/gcc/arm-none-eabi/12.3.1/../../../../arm-none-eabi/lib/thumb/v7e-m+fp/hard\libcr_c.a(errno.o)
 .debug_info    0x0000e609      0x1e0 c:/nxp/mcuxpressoide_11.9.0_2144/ide/plugins/com.nxp.mcuxpresso.tools.win32_11.9.0.202307121226/tools/bin/../lib/gcc/arm-none-eabi/12.3.1/../../../../arm-none-eabi/lib/thumb/v7e-m+fp/hard\libcr_c.a(fputs.o)
 .debug_info    0x0000e7e9      0x276 c:/nxp/mcuxpressoide_11.9.0_2144/ide/plugins/com.nxp.mcuxpresso.tools.win32_11.9.0.202307121226/tools/bin/../lib/gcc/arm-none-eabi/12.3.1/../../../../arm-none-eabi/lib/thumb/v7e-m+fp/hard\libcr_c.a(fseek.o)
 .debug_info    0x0000ea5f      0x190 c:/nxp/mcuxpressoide_11.9.0_2144/ide/plugins/com.nxp.mcuxpresso.tools.win32_11.9.0.202307121226/tools/bin/../lib/gcc/arm-none-eabi/12.3.1/../../../../arm-none-eabi/lib/thumb/v7e-m+fp/hard\libcr_c.a(ftell.o)
 .debug_info    0x0000ebef      0x339 c:/nxp/mcuxpressoide_11.9.0_2144/ide/plugins/com.nxp.mcuxpresso.tools.win32_11.9.0.202307121226/tools/bin/../lib/gcc/arm-none-eabi/12.3.1/../../../../arm-none-eabi/lib/thumb/v7e-m+fp/hard\libcr_c.a(initio.o)
 .debug_info    0x0000ef28      0x1f6 c:/nxp/mcuxpressoide_11.9.0_2144/ide/plugins/com.nxp.mcuxpresso.tools.win32_11.9.0.202307121226/tools/bin/../lib/gcc/arm-none-eabi/12.3.1/../../../../arm-none-eabi/lib/thumb/v7e-m+fp/hard\libcr_c.a(setvbuf.o)
 .debug_info    0x0000f11e       0xda c:/nxp/mcuxpressoide_11.9.0_2144/ide/plugins/com.nxp.mcuxpresso.tools.win32_11.9.0.202307121226/tools/bin/../lib/gcc/arm-none-eabi/12.3.1/../../../../arm-none-eabi/lib/thumb/v7e-m+fp/hard\libcr_c.a(strlen.o)
 .debug_info    0x0000f1f8       0xd4 c:/nxp/mcuxpressoide_11.9.0_2144/ide/plugins/com.nxp.mcuxpresso.tools.win32_11.9.0.202307121226/tools/bin/../lib/gcc/arm-none-eabi/12.3.1/../../../../arm-none-eabi/lib/thumb/v7e-m+fp/hard\libcr_c.a(__init_alloc.o)
 .debug_info    0x0000f2cc      0x100 c:/nxp/mcuxpressoide_11.9.0_2144/ide/plugins/com.nxp.mcuxpresso.tools.win32_11.9.0.202307121226/tools/bin/../lib/gcc/arm-none-eabi/12.3.1/../../../../arm-none-eabi/lib/thumb/v7e-m+fp/hard\libcr_c.a(_cr_sbrk.o)
 .debug_info    0x0000f3cc      0x244 c:/nxp/mcuxpressoide_11.9.0_2144/ide/plugins/com.nxp.mcuxpresso.tools.win32_11.9.0.202307121226/tools/bin/../lib/gcc/arm-none-eabi/12.3.1/../../../../arm-none-eabi/lib/thumb/v7e-m+fp/hard\libcr_c.a(_fdopen.o)
 .debug_info    0x0000f610      0x318 c:/nxp/mcuxpressoide_11.9.0_2144/ide/plugins/com.nxp.mcuxpresso.tools.win32_11.9.0.202307121226/tools/bin/../lib/gcc/arm-none-eabi/12.3.1/../../../../arm-none-eabi/lib/thumb/v7e-m+fp/hard\libcr_c.a(fclose.o)
 .debug_info    0x0000f928      0x202 c:/nxp/mcuxpressoide_11.9.0_2144/ide/plugins/com.nxp.mcuxpresso.tools.win32_11.9.0.202307121226/tools/bin/../lib/gcc/arm-none-eabi/12.3.1/../../../../arm-none-eabi/lib/thumb/v7e-m+fp/hard\libcr_c.a(fflush.o)
 .debug_info    0x0000fb2a      0x1ca c:/nxp/mcuxpressoide_11.9.0_2144/ide/plugins/com.nxp.mcuxpresso.tools.win32_11.9.0.202307121226/tools/bin/../lib/gcc/arm-none-eabi/12.3.1/../../../../arm-none-eabi/lib/thumb/v7e-m+fp/hard\libcr_c.a(remove.o)
 .debug_info    0x0000fcf4       0x71 c:/nxp/mcuxpressoide_11.9.0_2144/ide/plugins/com.nxp.mcuxpresso.tools.win32_11.9.0.202307121226/tools/bin/../lib/gcc/arm-none-eabi/12.3.1/../../../../arm-none-eabi/lib/thumb/v7e-m+fp/hard\libcr_c.a(_cr_check_heap.o)
 .debug_info    0x0000fd65      0x23a c:/nxp/mcuxpressoide_11.9.0_2144/ide/plugins/com.nxp.mcuxpresso.tools.win32_11.9.0.202307121226/tools/bin/../lib/gcc/arm-none-eabi/12.3.1/../../../../arm-none-eabi/lib/thumb/v7e-m+fp/hard\libcr_c.a(_do_fflush.o)
 .debug_info    0x0000ff9f       0x5c c:/nxp/mcuxpressoide_11.9.0_2144/ide/plugins/com.nxp.mcuxpresso.tools.win32_11.9.0.202307121226/tools/bin/../lib/gcc/arm-none-eabi/12.3.1/../../../../arm-none-eabi/lib/thumb/v7e-m+fp/hard\libcr_nohost_nf.a(__sys_close.o)
 .debug_info    0x0000fffb       0x5c c:/nxp/mcuxpressoide_11.9.0_2144/ide/plugins/com.nxp.mcuxpresso.tools.win32_11.9.0.202307121226/tools/bin/../lib/gcc/arm-none-eabi/12.3.1/../../../../arm-none-eabi/lib/thumb/v7e-m+fp/hard\libcr_nohost_nf.a(__sys_flen.o)
 .debug_info    0x00010057       0x5c c:/nxp/mcuxpressoide_11.9.0_2144/ide/plugins/com.nxp.mcuxpresso.tools.win32_11.9.0.202307121226/tools/bin/../lib/gcc/arm-none-eabi/12.3.1/../../../../arm-none-eabi/lib/thumb/v7e-m+fp/hard\libcr_nohost_nf.a(__sys_istty.o)
 .debug_info    0x000100b3       0x7c c:/nxp/mcuxpressoide_11.9.0_2144/ide/plugins/com.nxp.mcuxpresso.tools.win32_11.9.0.202307121226/tools/bin/../lib/gcc/arm-none-eabi/12.3.1/../../../../arm-none-eabi/lib/thumb/v7e-m+fp/hard\libcr_nohost_nf.a(__sys_remove.o)
 .debug_info    0x0001012f       0x6a c:/nxp/mcuxpressoide_11.9.0_2144/ide/plugins/com.nxp.mcuxpresso.tools.win32_11.9.0.202307121226/tools/bin/../lib/gcc/arm-none-eabi/12.3.1/../../../../arm-none-eabi/lib/thumb/v7e-m+fp/hard\libcr_nohost_nf.a(__sys_seek.o)
 .debug_info    0x00010199       0x85 c:/nxp/mcuxpressoide_11.9.0_2144/ide/plugins/com.nxp.mcuxpresso.tools.win32_11.9.0.202307121226/tools/bin/../lib/gcc/arm-none-eabi/12.3.1/../../../../arm-none-eabi/lib/thumb/v7e-m+fp/hard\libcr_nohost_nf.a(__sys_tmpnam.o)
 .debug_info    0x0001021e       0x85 c:/nxp/mcuxpressoide_11.9.0_2144/ide/plugins/com.nxp.mcuxpresso.tools.win32_11.9.0.202307121226/tools/bin/../lib/gcc/arm-none-eabi/12.3.1/../../../../arm-none-eabi/lib/thumb/v7e-m+fp/hard\libcr_nohost_nf.a(__sys_write.o)

.debug_abbrev   0x00000000     0x3952
 .debug_abbrev  0x00000000      0x17a ./startup/startup_mk64f12.o
 .debug_abbrev  0x0000017a      0x258 ./source/LCD_nokia.o
 .debug_abbrev  0x000003d2       0x86 ./source/LCD_nokia_images.o
 .debug_abbrev  0x00000458      0x2ab ./source/PIT.o
 .debug_abbrev  0x00000703      0x230 ./source/SPI.o
 .debug_abbrev  0x00000933      0x160 ./source/SPI_memory.o
 .debug_abbrev  0x00000a93       0xe6 ./source/main.o
 .debug_abbrev  0x00000b79       0x31 ./source/semihost_hardfault.o
 .debug_abbrev  0x00000baa      0x378 ./drivers/fsl_clock.o
 .debug_abbrev  0x00000f22      0x3b0 ./drivers/fsl_dspi.o
 .debug_abbrev  0x000012d2      0x1a5 ./drivers/fsl_gpio.o
 .debug_abbrev  0x00001477      0x392 ./drivers/fsl_i2c.o
 .debug_abbrev  0x00001809      0x20a ./drivers/fsl_pit.o
 .debug_abbrev  0x00001a13      0x45d ./drivers/fsl_uart.o
 .debug_abbrev  0x00001e70      0x148 ./device/system_MK64F12.o
 .debug_abbrev  0x00001fb8       0x70 c:/nxp/mcuxpressoide_11.9.0_2144/ide/plugins/com.nxp.mcuxpresso.tools.win32_11.9.0.202307121226/tools/bin/../lib/gcc/arm-none-eabi/12.3.1/../../../../arm-none-eabi/lib/thumb/v7e-m+fp/hard\libcr_nohost_nf.a(_cr__main.o)
 .debug_abbrev  0x00002028      0x12f c:/nxp/mcuxpressoide_11.9.0_2144/ide/plugins/com.nxp.mcuxpresso.tools.win32_11.9.0.202307121226/tools/bin/../lib/gcc/arm-none-eabi/12.3.1/../../../../arm-none-eabi/lib/thumb/v7e-m+fp/hard\libcr_nohost_nf.a(_cr_assert.o)
 .debug_abbrev  0x00002157       0xb5 c:/nxp/mcuxpressoide_11.9.0_2144/ide/plugins/com.nxp.mcuxpresso.tools.win32_11.9.0.202307121226/tools/bin/../lib/gcc/arm-none-eabi/12.3.1/../../../../arm-none-eabi/lib/thumb/v7e-m+fp/hard\libcr_nohost_nf.a(__ciob.o)
 .debug_abbrev  0x0000220c       0x2e c:/nxp/mcuxpressoide_11.9.0_2144/ide/plugins/com.nxp.mcuxpresso.tools.win32_11.9.0.202307121226/tools/bin/../lib/gcc/arm-none-eabi/12.3.1/../../../../arm-none-eabi/lib/thumb/v7e-m+fp/hard\libcr_nohost_nf.a(__sys_appexit.o)
 .debug_abbrev  0x0000223a       0xa8 c:/nxp/mcuxpressoide_11.9.0_2144/ide/plugins/com.nxp.mcuxpresso.tools.win32_11.9.0.202307121226/tools/bin/../lib/gcc/arm-none-eabi/12.3.1/../../../../arm-none-eabi/lib/thumb/v7e-m+fp/hard\libcr_c.a(memset.o)
 .debug_abbrev  0x000022e2      0x152 c:/nxp/mcuxpressoide_11.9.0_2144/ide/plugins/com.nxp.mcuxpresso.tools.win32_11.9.0.202307121226/tools/bin/../lib/gcc/arm-none-eabi/12.3.1/../../../../arm-none-eabi/lib/thumb/v7e-m+fp/hard\libcr_c.a(_deferredlazyseek.o)
 .debug_abbrev  0x00002434       0xf1 c:/nxp/mcuxpressoide_11.9.0_2144/ide/plugins/com.nxp.mcuxpresso.tools.win32_11.9.0.202307121226/tools/bin/../lib/gcc/arm-none-eabi/12.3.1/../../../../arm-none-eabi/lib/thumb/v7e-m+fp/hard\libcr_c.a(_fflush.o)
 .debug_abbrev  0x00002525      0x126 c:/nxp/mcuxpressoide_11.9.0_2144/ide/plugins/com.nxp.mcuxpresso.tools.win32_11.9.0.202307121226/tools/bin/../lib/gcc/arm-none-eabi/12.3.1/../../../../arm-none-eabi/lib/thumb/v7e-m+fp/hard\libcr_c.a(_writebuf.o)
 .debug_abbrev  0x0000264b      0x284 c:/nxp/mcuxpressoide_11.9.0_2144/ide/plugins/com.nxp.mcuxpresso.tools.win32_11.9.0.202307121226/tools/bin/../lib/gcc/arm-none-eabi/12.3.1/../../../../arm-none-eabi/lib/thumb/v7e-m+fp/hard\libcr_c.a(alloc.o)
 .debug_abbrev  0x000028cf       0x44 c:/nxp/mcuxpressoide_11.9.0_2144/ide/plugins/com.nxp.mcuxpresso.tools.win32_11.9.0.202307121226/tools/bin/../lib/gcc/arm-none-eabi/12.3.1/../../../../arm-none-eabi/lib/thumb/v7e-m+fp/hard\libcr_c.a(errno.o)
 .debug_abbrev  0x00002913      0x10c c:/nxp/mcuxpressoide_11.9.0_2144/ide/plugins/com.nxp.mcuxpresso.tools.win32_11.9.0.202307121226/tools/bin/../lib/gcc/arm-none-eabi/12.3.1/../../../../arm-none-eabi/lib/thumb/v7e-m+fp/hard\libcr_c.a(fputs.o)
 .debug_abbrev  0x00002a1f      0x11b c:/nxp/mcuxpressoide_11.9.0_2144/ide/plugins/com.nxp.mcuxpresso.tools.win32_11.9.0.202307121226/tools/bin/../lib/gcc/arm-none-eabi/12.3.1/../../../../arm-none-eabi/lib/thumb/v7e-m+fp/hard\libcr_c.a(fseek.o)
 .debug_abbrev  0x00002b3a       0xc2 c:/nxp/mcuxpressoide_11.9.0_2144/ide/plugins/com.nxp.mcuxpresso.tools.win32_11.9.0.202307121226/tools/bin/../lib/gcc/arm-none-eabi/12.3.1/../../../../arm-none-eabi/lib/thumb/v7e-m+fp/hard\libcr_c.a(ftell.o)
 .debug_abbrev  0x00002bfc      0x169 c:/nxp/mcuxpressoide_11.9.0_2144/ide/plugins/com.nxp.mcuxpresso.tools.win32_11.9.0.202307121226/tools/bin/../lib/gcc/arm-none-eabi/12.3.1/../../../../arm-none-eabi/lib/thumb/v7e-m+fp/hard\libcr_c.a(initio.o)
 .debug_abbrev  0x00002d65       0xe1 c:/nxp/mcuxpressoide_11.9.0_2144/ide/plugins/com.nxp.mcuxpresso.tools.win32_11.9.0.202307121226/tools/bin/../lib/gcc/arm-none-eabi/12.3.1/../../../../arm-none-eabi/lib/thumb/v7e-m+fp/hard\libcr_c.a(setvbuf.o)
 .debug_abbrev  0x00002e46       0xa7 c:/nxp/mcuxpressoide_11.9.0_2144/ide/plugins/com.nxp.mcuxpresso.tools.win32_11.9.0.202307121226/tools/bin/../lib/gcc/arm-none-eabi/12.3.1/../../../../arm-none-eabi/lib/thumb/v7e-m+fp/hard\libcr_c.a(strlen.o)
 .debug_abbrev  0x00002eed       0xaf c:/nxp/mcuxpressoide_11.9.0_2144/ide/plugins/com.nxp.mcuxpresso.tools.win32_11.9.0.202307121226/tools/bin/../lib/gcc/arm-none-eabi/12.3.1/../../../../arm-none-eabi/lib/thumb/v7e-m+fp/hard\libcr_c.a(__init_alloc.o)
 .debug_abbrev  0x00002f9c       0xd3 c:/nxp/mcuxpressoide_11.9.0_2144/ide/plugins/com.nxp.mcuxpresso.tools.win32_11.9.0.202307121226/tools/bin/../lib/gcc/arm-none-eabi/12.3.1/../../../../arm-none-eabi/lib/thumb/v7e-m+fp/hard\libcr_c.a(_cr_sbrk.o)
 .debug_abbrev  0x0000306f      0x119 c:/nxp/mcuxpressoide_11.9.0_2144/ide/plugins/com.nxp.mcuxpresso.tools.win32_11.9.0.202307121226/tools/bin/../lib/gcc/arm-none-eabi/12.3.1/../../../../arm-none-eabi/lib/thumb/v7e-m+fp/hard\libcr_c.a(_fdopen.o)
 .debug_abbrev  0x00003188      0x155 c:/nxp/mcuxpressoide_11.9.0_2144/ide/plugins/com.nxp.mcuxpresso.tools.win32_11.9.0.202307121226/tools/bin/../lib/gcc/arm-none-eabi/12.3.1/../../../../arm-none-eabi/lib/thumb/v7e-m+fp/hard\libcr_c.a(fclose.o)
 .debug_abbrev  0x000032dd      0x125 c:/nxp/mcuxpressoide_11.9.0_2144/ide/plugins/com.nxp.mcuxpresso.tools.win32_11.9.0.202307121226/tools/bin/../lib/gcc/arm-none-eabi/12.3.1/../../../../arm-none-eabi/lib/thumb/v7e-m+fp/hard\libcr_c.a(fflush.o)
 .debug_abbrev  0x00003402       0xfb c:/nxp/mcuxpressoide_11.9.0_2144/ide/plugins/com.nxp.mcuxpresso.tools.win32_11.9.0.202307121226/tools/bin/../lib/gcc/arm-none-eabi/12.3.1/../../../../arm-none-eabi/lib/thumb/v7e-m+fp/hard\libcr_c.a(remove.o)
 .debug_abbrev  0x000034fd       0x6b c:/nxp/mcuxpressoide_11.9.0_2144/ide/plugins/com.nxp.mcuxpresso.tools.win32_11.9.0.202307121226/tools/bin/../lib/gcc/arm-none-eabi/12.3.1/../../../../arm-none-eabi/lib/thumb/v7e-m+fp/hard\libcr_c.a(_cr_check_heap.o)
 .debug_abbrev  0x00003568      0x12c c:/nxp/mcuxpressoide_11.9.0_2144/ide/plugins/com.nxp.mcuxpresso.tools.win32_11.9.0.202307121226/tools/bin/../lib/gcc/arm-none-eabi/12.3.1/../../../../arm-none-eabi/lib/thumb/v7e-m+fp/hard\libcr_c.a(_do_fflush.o)
 .debug_abbrev  0x00003694       0x51 c:/nxp/mcuxpressoide_11.9.0_2144/ide/plugins/com.nxp.mcuxpresso.tools.win32_11.9.0.202307121226/tools/bin/../lib/gcc/arm-none-eabi/12.3.1/../../../../arm-none-eabi/lib/thumb/v7e-m+fp/hard\libcr_nohost_nf.a(__sys_close.o)
 .debug_abbrev  0x000036e5       0x51 c:/nxp/mcuxpressoide_11.9.0_2144/ide/plugins/com.nxp.mcuxpresso.tools.win32_11.9.0.202307121226/tools/bin/../lib/gcc/arm-none-eabi/12.3.1/../../../../arm-none-eabi/lib/thumb/v7e-m+fp/hard\libcr_nohost_nf.a(__sys_flen.o)
 .debug_abbrev  0x00003736       0x51 c:/nxp/mcuxpressoide_11.9.0_2144/ide/plugins/com.nxp.mcuxpresso.tools.win32_11.9.0.202307121226/tools/bin/../lib/gcc/arm-none-eabi/12.3.1/../../../../arm-none-eabi/lib/thumb/v7e-m+fp/hard\libcr_nohost_nf.a(__sys_istty.o)
 .debug_abbrev  0x00003787       0x7d c:/nxp/mcuxpressoide_11.9.0_2144/ide/plugins/com.nxp.mcuxpresso.tools.win32_11.9.0.202307121226/tools/bin/../lib/gcc/arm-none-eabi/12.3.1/../../../../arm-none-eabi/lib/thumb/v7e-m+fp/hard\libcr_nohost_nf.a(__sys_remove.o)
 .debug_abbrev  0x00003804       0x62 c:/nxp/mcuxpressoide_11.9.0_2144/ide/plugins/com.nxp.mcuxpresso.tools.win32_11.9.0.202307121226/tools/bin/../lib/gcc/arm-none-eabi/12.3.1/../../../../arm-none-eabi/lib/thumb/v7e-m+fp/hard\libcr_nohost_nf.a(__sys_seek.o)
 .debug_abbrev  0x00003866       0x76 c:/nxp/mcuxpressoide_11.9.0_2144/ide/plugins/com.nxp.mcuxpresso.tools.win32_11.9.0.202307121226/tools/bin/../lib/gcc/arm-none-eabi/12.3.1/../../../../arm-none-eabi/lib/thumb/v7e-m+fp/hard\libcr_nohost_nf.a(__sys_tmpnam.o)
 .debug_abbrev  0x000038dc       0x76 c:/nxp/mcuxpressoide_11.9.0_2144/ide/plugins/com.nxp.mcuxpresso.tools.win32_11.9.0.202307121226/tools/bin/../lib/gcc/arm-none-eabi/12.3.1/../../../../arm-none-eabi/lib/thumb/v7e-m+fp/hard\libcr_nohost_nf.a(__sys_write.o)

.debug_loc      0x00000000     0x1751
 .debug_loc     0x00000000      0x1e7 ./startup/startup_mk64f12.o
 .debug_loc     0x000001e7       0x3f c:/nxp/mcuxpressoide_11.9.0_2144/ide/plugins/com.nxp.mcuxpresso.tools.win32_11.9.0.202307121226/tools/bin/../lib/gcc/arm-none-eabi/12.3.1/../../../../arm-none-eabi/lib/thumb/v7e-m+fp/hard\libcr_nohost_nf.a(_cr_assert.o)
 .debug_loc     0x00000226       0x6f c:/nxp/mcuxpressoide_11.9.0_2144/ide/plugins/com.nxp.mcuxpresso.tools.win32_11.9.0.202307121226/tools/bin/../lib/gcc/arm-none-eabi/12.3.1/../../../../arm-none-eabi/lib/thumb/v7e-m+fp/hard\libcr_c.a(memset.o)
 .debug_loc     0x00000295      0x1aa c:/nxp/mcuxpressoide_11.9.0_2144/ide/plugins/com.nxp.mcuxpresso.tools.win32_11.9.0.202307121226/tools/bin/../lib/gcc/arm-none-eabi/12.3.1/../../../../arm-none-eabi/lib/thumb/v7e-m+fp/hard\libcr_c.a(_deferredlazyseek.o)
 .debug_loc     0x0000043f       0xfa c:/nxp/mcuxpressoide_11.9.0_2144/ide/plugins/com.nxp.mcuxpresso.tools.win32_11.9.0.202307121226/tools/bin/../lib/gcc/arm-none-eabi/12.3.1/../../../../arm-none-eabi/lib/thumb/v7e-m+fp/hard\libcr_c.a(_fflush.o)
 .debug_loc     0x00000539      0x113 c:/nxp/mcuxpressoide_11.9.0_2144/ide/plugins/com.nxp.mcuxpresso.tools.win32_11.9.0.202307121226/tools/bin/../lib/gcc/arm-none-eabi/12.3.1/../../../../arm-none-eabi/lib/thumb/v7e-m+fp/hard\libcr_c.a(_writebuf.o)
 .debug_loc     0x0000064c      0x7b2 c:/nxp/mcuxpressoide_11.9.0_2144/ide/plugins/com.nxp.mcuxpresso.tools.win32_11.9.0.202307121226/tools/bin/../lib/gcc/arm-none-eabi/12.3.1/../../../../arm-none-eabi/lib/thumb/v7e-m+fp/hard\libcr_c.a(alloc.o)
 .debug_loc     0x00000dfe       0x75 c:/nxp/mcuxpressoide_11.9.0_2144/ide/plugins/com.nxp.mcuxpresso.tools.win32_11.9.0.202307121226/tools/bin/../lib/gcc/arm-none-eabi/12.3.1/../../../../arm-none-eabi/lib/thumb/v7e-m+fp/hard\libcr_c.a(fputs.o)
 .debug_loc     0x00000e73       0xfb c:/nxp/mcuxpressoide_11.9.0_2144/ide/plugins/com.nxp.mcuxpresso.tools.win32_11.9.0.202307121226/tools/bin/../lib/gcc/arm-none-eabi/12.3.1/../../../../arm-none-eabi/lib/thumb/v7e-m+fp/hard\libcr_c.a(fseek.o)
 .debug_loc     0x00000f6e       0x99 c:/nxp/mcuxpressoide_11.9.0_2144/ide/plugins/com.nxp.mcuxpresso.tools.win32_11.9.0.202307121226/tools/bin/../lib/gcc/arm-none-eabi/12.3.1/../../../../arm-none-eabi/lib/thumb/v7e-m+fp/hard\libcr_c.a(ftell.o)
 .debug_loc     0x00001007       0x68 c:/nxp/mcuxpressoide_11.9.0_2144/ide/plugins/com.nxp.mcuxpresso.tools.win32_11.9.0.202307121226/tools/bin/../lib/gcc/arm-none-eabi/12.3.1/../../../../arm-none-eabi/lib/thumb/v7e-m+fp/hard\libcr_c.a(initio.o)
 .debug_loc     0x0000106f       0xf6 c:/nxp/mcuxpressoide_11.9.0_2144/ide/plugins/com.nxp.mcuxpresso.tools.win32_11.9.0.202307121226/tools/bin/../lib/gcc/arm-none-eabi/12.3.1/../../../../arm-none-eabi/lib/thumb/v7e-m+fp/hard\libcr_c.a(setvbuf.o)
 .debug_loc     0x00001165       0xdb c:/nxp/mcuxpressoide_11.9.0_2144/ide/plugins/com.nxp.mcuxpresso.tools.win32_11.9.0.202307121226/tools/bin/../lib/gcc/arm-none-eabi/12.3.1/../../../../arm-none-eabi/lib/thumb/v7e-m+fp/hard\libcr_c.a(strlen.o)
 .debug_loc     0x00001240       0x5c c:/nxp/mcuxpressoide_11.9.0_2144/ide/plugins/com.nxp.mcuxpresso.tools.win32_11.9.0.202307121226/tools/bin/../lib/gcc/arm-none-eabi/12.3.1/../../../../arm-none-eabi/lib/thumb/v7e-m+fp/hard\libcr_c.a(_cr_sbrk.o)
 .debug_loc     0x0000129c      0x121 c:/nxp/mcuxpressoide_11.9.0_2144/ide/plugins/com.nxp.mcuxpresso.tools.win32_11.9.0.202307121226/tools/bin/../lib/gcc/arm-none-eabi/12.3.1/../../../../arm-none-eabi/lib/thumb/v7e-m+fp/hard\libcr_c.a(_fdopen.o)
 .debug_loc     0x000013bd       0x73 c:/nxp/mcuxpressoide_11.9.0_2144/ide/plugins/com.nxp.mcuxpresso.tools.win32_11.9.0.202307121226/tools/bin/../lib/gcc/arm-none-eabi/12.3.1/../../../../arm-none-eabi/lib/thumb/v7e-m+fp/hard\libcr_c.a(fclose.o)
 .debug_loc     0x00001430       0xa2 c:/nxp/mcuxpressoide_11.9.0_2144/ide/plugins/com.nxp.mcuxpresso.tools.win32_11.9.0.202307121226/tools/bin/../lib/gcc/arm-none-eabi/12.3.1/../../../../arm-none-eabi/lib/thumb/v7e-m+fp/hard\libcr_c.a(fflush.o)
 .debug_loc     0x000014d2       0xc7 c:/nxp/mcuxpressoide_11.9.0_2144/ide/plugins/com.nxp.mcuxpresso.tools.win32_11.9.0.202307121226/tools/bin/../lib/gcc/arm-none-eabi/12.3.1/../../../../arm-none-eabi/lib/thumb/v7e-m+fp/hard\libcr_c.a(remove.o)
 .debug_loc     0x00001599       0x42 c:/nxp/mcuxpressoide_11.9.0_2144/ide/plugins/com.nxp.mcuxpresso.tools.win32_11.9.0.202307121226/tools/bin/../lib/gcc/arm-none-eabi/12.3.1/../../../../arm-none-eabi/lib/thumb/v7e-m+fp/hard\libcr_c.a(_cr_check_heap.o)
 .debug_loc     0x000015db       0x73 c:/nxp/mcuxpressoide_11.9.0_2144/ide/plugins/com.nxp.mcuxpresso.tools.win32_11.9.0.202307121226/tools/bin/../lib/gcc/arm-none-eabi/12.3.1/../../../../arm-none-eabi/lib/thumb/v7e-m+fp/hard\libcr_c.a(_do_fflush.o)
 .debug_loc     0x0000164e       0x25 c:/nxp/mcuxpressoide_11.9.0_2144/ide/plugins/com.nxp.mcuxpresso.tools.win32_11.9.0.202307121226/tools/bin/../lib/gcc/arm-none-eabi/12.3.1/../../../../arm-none-eabi/lib/thumb/v7e-m+fp/hard\libcr_nohost_nf.a(__sys_close.o)
 .debug_loc     0x00001673       0x25 c:/nxp/mcuxpressoide_11.9.0_2144/ide/plugins/com.nxp.mcuxpresso.tools.win32_11.9.0.202307121226/tools/bin/../lib/gcc/arm-none-eabi/12.3.1/../../../../arm-none-eabi/lib/thumb/v7e-m+fp/hard\libcr_nohost_nf.a(__sys_flen.o)
 .debug_loc     0x00001698       0x25 c:/nxp/mcuxpressoide_11.9.0_2144/ide/plugins/com.nxp.mcuxpresso.tools.win32_11.9.0.202307121226/tools/bin/../lib/gcc/arm-none-eabi/12.3.1/../../../../arm-none-eabi/lib/thumb/v7e-m+fp/hard\libcr_nohost_nf.a(__sys_istty.o)
 .debug_loc     0x000016bd       0x25 c:/nxp/mcuxpressoide_11.9.0_2144/ide/plugins/com.nxp.mcuxpresso.tools.win32_11.9.0.202307121226/tools/bin/../lib/gcc/arm-none-eabi/12.3.1/../../../../arm-none-eabi/lib/thumb/v7e-m+fp/hard\libcr_nohost_nf.a(__sys_remove.o)
 .debug_loc     0x000016e2       0x25 c:/nxp/mcuxpressoide_11.9.0_2144/ide/plugins/com.nxp.mcuxpresso.tools.win32_11.9.0.202307121226/tools/bin/../lib/gcc/arm-none-eabi/12.3.1/../../../../arm-none-eabi/lib/thumb/v7e-m+fp/hard\libcr_nohost_nf.a(__sys_seek.o)
 .debug_loc     0x00001707       0x25 c:/nxp/mcuxpressoide_11.9.0_2144/ide/plugins/com.nxp.mcuxpresso.tools.win32_11.9.0.202307121226/tools/bin/../lib/gcc/arm-none-eabi/12.3.1/../../../../arm-none-eabi/lib/thumb/v7e-m+fp/hard\libcr_nohost_nf.a(__sys_tmpnam.o)
 .debug_loc     0x0000172c       0x25 c:/nxp/mcuxpressoide_11.9.0_2144/ide/plugins/com.nxp.mcuxpresso.tools.win32_11.9.0.202307121226/tools/bin/../lib/gcc/arm-none-eabi/12.3.1/../../../../arm-none-eabi/lib/thumb/v7e-m+fp/hard\libcr_nohost_nf.a(__sys_write.o)

.debug_aranges  0x00000000     0x10a0
 .debug_aranges
                0x00000000      0x330 ./startup/startup_mk64f12.o
 .debug_aranges
                0x00000330       0x78 ./source/LCD_nokia.o
 .debug_aranges
                0x000003a8       0x20 ./source/LCD_nokia_images.o
 .debug_aranges
                0x000003c8       0x80 ./source/PIT.o
 .debug_aranges
                0x00000448       0x38 ./source/SPI.o
 .debug_aranges
                0x00000480       0x20 ./source/SPI_memory.o
 .debug_aranges
                0x000004a0       0x20 ./source/main.o
 .debug_aranges
                0x000004c0       0x20 ./source/semihost_hardfault.o
 .debug_aranges
                0x000004e0      0x1f8 ./drivers/fsl_clock.o
 .debug_aranges
                0x000006d8      0x1d8 ./drivers/fsl_dspi.o
 .debug_aranges
                0x000008b0       0x40 ./drivers/fsl_gpio.o
 .debug_aranges
                0x000008f0      0x180 ./drivers/fsl_i2c.o
 .debug_aranges
                0x00000a70       0x40 ./drivers/fsl_pit.o
 .debug_aranges
                0x00000ab0      0x1b8 ./drivers/fsl_uart.o
 .debug_aranges
                0x00000c68       0x30 ./device/system_MK64F12.o
 .debug_aranges
                0x00000c98       0x20 c:/nxp/mcuxpressoide_11.9.0_2144/ide/plugins/com.nxp.mcuxpresso.tools.win32_11.9.0.202307121226/tools/bin/../lib/gcc/arm-none-eabi/12.3.1/../../../../arm-none-eabi/lib/thumb/v7e-m+fp/hard\libcr_nohost_nf.a(_cr__main.o)
 .debug_aranges
                0x00000cb8       0x20 c:/nxp/mcuxpressoide_11.9.0_2144/ide/plugins/com.nxp.mcuxpresso.tools.win32_11.9.0.202307121226/tools/bin/../lib/gcc/arm-none-eabi/12.3.1/../../../../arm-none-eabi/lib/thumb/v7e-m+fp/hard\libcr_nohost_nf.a(_cr_assert.o)
 .debug_aranges
                0x00000cd8       0x18 c:/nxp/mcuxpressoide_11.9.0_2144/ide/plugins/com.nxp.mcuxpresso.tools.win32_11.9.0.202307121226/tools/bin/../lib/gcc/arm-none-eabi/12.3.1/../../../../arm-none-eabi/lib/thumb/v7e-m+fp/hard\libcr_nohost_nf.a(__ciob.o)
 .debug_aranges
                0x00000cf0       0x20 c:/nxp/mcuxpressoide_11.9.0_2144/ide/plugins/com.nxp.mcuxpresso.tools.win32_11.9.0.202307121226/tools/bin/../lib/gcc/arm-none-eabi/12.3.1/../../../../arm-none-eabi/lib/thumb/v7e-m+fp/hard\libcr_nohost_nf.a(__sys_appexit.o)
 .debug_aranges
                0x00000d10       0x20 c:/nxp/mcuxpressoide_11.9.0_2144/ide/plugins/com.nxp.mcuxpresso.tools.win32_11.9.0.202307121226/tools/bin/../lib/gcc/arm-none-eabi/12.3.1/../../../../arm-none-eabi/lib/thumb/v7e-m+fp/hard\libcr_c.a(memset.o)
 .debug_aranges
                0x00000d30       0x28 c:/nxp/mcuxpressoide_11.9.0_2144/ide/plugins/com.nxp.mcuxpresso.tools.win32_11.9.0.202307121226/tools/bin/../lib/gcc/arm-none-eabi/12.3.1/../../../../arm-none-eabi/lib/thumb/v7e-m+fp/hard\libcr_c.a(_deferredlazyseek.o)
 .debug_aranges
                0x00000d58       0x20 c:/nxp/mcuxpressoide_11.9.0_2144/ide/plugins/com.nxp.mcuxpresso.tools.win32_11.9.0.202307121226/tools/bin/../lib/gcc/arm-none-eabi/12.3.1/../../../../arm-none-eabi/lib/thumb/v7e-m+fp/hard\libcr_c.a(_fflush.o)
 .debug_aranges
                0x00000d78       0x20 c:/nxp/mcuxpressoide_11.9.0_2144/ide/plugins/com.nxp.mcuxpresso.tools.win32_11.9.0.202307121226/tools/bin/../lib/gcc/arm-none-eabi/12.3.1/../../../../arm-none-eabi/lib/thumb/v7e-m+fp/hard\libcr_c.a(_writebuf.o)
 .debug_aranges
                0x00000d98       0x40 c:/nxp/mcuxpressoide_11.9.0_2144/ide/plugins/com.nxp.mcuxpresso.tools.win32_11.9.0.202307121226/tools/bin/../lib/gcc/arm-none-eabi/12.3.1/../../../../arm-none-eabi/lib/thumb/v7e-m+fp/hard\libcr_c.a(alloc.o)
 .debug_aranges
                0x00000dd8       0x18 c:/nxp/mcuxpressoide_11.9.0_2144/ide/plugins/com.nxp.mcuxpresso.tools.win32_11.9.0.202307121226/tools/bin/../lib/gcc/arm-none-eabi/12.3.1/../../../../arm-none-eabi/lib/thumb/v7e-m+fp/hard\libcr_c.a(errno.o)
 .debug_aranges
                0x00000df0       0x20 c:/nxp/mcuxpressoide_11.9.0_2144/ide/plugins/com.nxp.mcuxpresso.tools.win32_11.9.0.202307121226/tools/bin/../lib/gcc/arm-none-eabi/12.3.1/../../../../arm-none-eabi/lib/thumb/v7e-m+fp/hard\libcr_c.a(fputs.o)
 .debug_aranges
                0x00000e10       0x20 c:/nxp/mcuxpressoide_11.9.0_2144/ide/plugins/com.nxp.mcuxpresso.tools.win32_11.9.0.202307121226/tools/bin/../lib/gcc/arm-none-eabi/12.3.1/../../../../arm-none-eabi/lib/thumb/v7e-m+fp/hard\libcr_c.a(fseek.o)
 .debug_aranges
                0x00000e30       0x20 c:/nxp/mcuxpressoide_11.9.0_2144/ide/plugins/com.nxp.mcuxpresso.tools.win32_11.9.0.202307121226/tools/bin/../lib/gcc/arm-none-eabi/12.3.1/../../../../arm-none-eabi/lib/thumb/v7e-m+fp/hard\libcr_c.a(ftell.o)
 .debug_aranges
                0x00000e50       0x28 c:/nxp/mcuxpressoide_11.9.0_2144/ide/plugins/com.nxp.mcuxpresso.tools.win32_11.9.0.202307121226/tools/bin/../lib/gcc/arm-none-eabi/12.3.1/../../../../arm-none-eabi/lib/thumb/v7e-m+fp/hard\libcr_c.a(initio.o)
 .debug_aranges
                0x00000e78       0x20 c:/nxp/mcuxpressoide_11.9.0_2144/ide/plugins/com.nxp.mcuxpresso.tools.win32_11.9.0.202307121226/tools/bin/../lib/gcc/arm-none-eabi/12.3.1/../../../../arm-none-eabi/lib/thumb/v7e-m+fp/hard\libcr_c.a(setvbuf.o)
 .debug_aranges
                0x00000e98       0x20 c:/nxp/mcuxpressoide_11.9.0_2144/ide/plugins/com.nxp.mcuxpresso.tools.win32_11.9.0.202307121226/tools/bin/../lib/gcc/arm-none-eabi/12.3.1/../../../../arm-none-eabi/lib/thumb/v7e-m+fp/hard\libcr_c.a(strlen.o)
 .debug_aranges
                0x00000eb8       0x20 c:/nxp/mcuxpressoide_11.9.0_2144/ide/plugins/com.nxp.mcuxpresso.tools.win32_11.9.0.202307121226/tools/bin/../lib/gcc/arm-none-eabi/12.3.1/../../../../arm-none-eabi/lib/thumb/v7e-m+fp/hard\libcr_c.a(__init_alloc.o)
 .debug_aranges
                0x00000ed8       0x20 c:/nxp/mcuxpressoide_11.9.0_2144/ide/plugins/com.nxp.mcuxpresso.tools.win32_11.9.0.202307121226/tools/bin/../lib/gcc/arm-none-eabi/12.3.1/../../../../arm-none-eabi/lib/thumb/v7e-m+fp/hard\libcr_c.a(_cr_sbrk.o)
 .debug_aranges
                0x00000ef8       0x20 c:/nxp/mcuxpressoide_11.9.0_2144/ide/plugins/com.nxp.mcuxpresso.tools.win32_11.9.0.202307121226/tools/bin/../lib/gcc/arm-none-eabi/12.3.1/../../../../arm-none-eabi/lib/thumb/v7e-m+fp/hard\libcr_c.a(_fdopen.o)
 .debug_aranges
                0x00000f18       0x20 c:/nxp/mcuxpressoide_11.9.0_2144/ide/plugins/com.nxp.mcuxpresso.tools.win32_11.9.0.202307121226/tools/bin/../lib/gcc/arm-none-eabi/12.3.1/../../../../arm-none-eabi/lib/thumb/v7e-m+fp/hard\libcr_c.a(fclose.o)
 .debug_aranges
                0x00000f38       0x20 c:/nxp/mcuxpressoide_11.9.0_2144/ide/plugins/com.nxp.mcuxpresso.tools.win32_11.9.0.202307121226/tools/bin/../lib/gcc/arm-none-eabi/12.3.1/../../../../arm-none-eabi/lib/thumb/v7e-m+fp/hard\libcr_c.a(fflush.o)
 .debug_aranges
                0x00000f58       0x28 c:/nxp/mcuxpressoide_11.9.0_2144/ide/plugins/com.nxp.mcuxpresso.tools.win32_11.9.0.202307121226/tools/bin/../lib/gcc/arm-none-eabi/12.3.1/../../../../arm-none-eabi/lib/thumb/v7e-m+fp/hard\libcr_c.a(remove.o)
 .debug_aranges
                0x00000f80       0x20 c:/nxp/mcuxpressoide_11.9.0_2144/ide/plugins/com.nxp.mcuxpresso.tools.win32_11.9.0.202307121226/tools/bin/../lib/gcc/arm-none-eabi/12.3.1/../../../../arm-none-eabi/lib/thumb/v7e-m+fp/hard\libcr_c.a(_cr_check_heap.o)
 .debug_aranges
                0x00000fa0       0x20 c:/nxp/mcuxpressoide_11.9.0_2144/ide/plugins/com.nxp.mcuxpresso.tools.win32_11.9.0.202307121226/tools/bin/../lib/gcc/arm-none-eabi/12.3.1/../../../../arm-none-eabi/lib/thumb/v7e-m+fp/hard\libcr_c.a(_do_fflush.o)
 .debug_aranges
                0x00000fc0       0x20 c:/nxp/mcuxpressoide_11.9.0_2144/ide/plugins/com.nxp.mcuxpresso.tools.win32_11.9.0.202307121226/tools/bin/../lib/gcc/arm-none-eabi/12.3.1/../../../../arm-none-eabi/lib/thumb/v7e-m+fp/hard\libcr_nohost_nf.a(__sys_close.o)
 .debug_aranges
                0x00000fe0       0x20 c:/nxp/mcuxpressoide_11.9.0_2144/ide/plugins/com.nxp.mcuxpresso.tools.win32_11.9.0.202307121226/tools/bin/../lib/gcc/arm-none-eabi/12.3.1/../../../../arm-none-eabi/lib/thumb/v7e-m+fp/hard\libcr_nohost_nf.a(__sys_flen.o)
 .debug_aranges
                0x00001000       0x20 c:/nxp/mcuxpressoide_11.9.0_2144/ide/plugins/com.nxp.mcuxpresso.tools.win32_11.9.0.202307121226/tools/bin/../lib/gcc/arm-none-eabi/12.3.1/../../../../arm-none-eabi/lib/thumb/v7e-m+fp/hard\libcr_nohost_nf.a(__sys_istty.o)
 .debug_aranges
                0x00001020       0x20 c:/nxp/mcuxpressoide_11.9.0_2144/ide/plugins/com.nxp.mcuxpresso.tools.win32_11.9.0.202307121226/tools/bin/../lib/gcc/arm-none-eabi/12.3.1/../../../../arm-none-eabi/lib/thumb/v7e-m+fp/hard\libcr_nohost_nf.a(__sys_remove.o)
 .debug_aranges
                0x00001040       0x20 c:/nxp/mcuxpressoide_11.9.0_2144/ide/plugins/com.nxp.mcuxpresso.tools.win32_11.9.0.202307121226/tools/bin/../lib/gcc/arm-none-eabi/12.3.1/../../../../arm-none-eabi/lib/thumb/v7e-m+fp/hard\libcr_nohost_nf.a(__sys_seek.o)
 .debug_aranges