C:\Embebidos\Clase\T9_LCD_Nokia\CMSIS/core_cm4.h:1679:22:__NVIC_EnableIRQ	16	static
C:\Embebidos\Clase\T9_LCD_Nokia\drivers/fsl_clock.h:889:20:CLOCK_SetSimSafeDivs	4	static
C:\Embebidos\Clase\T9_LCD_Nokia\drivers/fsl_common_arm.h:499:24:EnableIRQ	24	static
C:\Embebidos\Clase\T9_LCD_Nokia\drivers/fsl_pit.h:105:20:PIT_GetDefaultConfig	16	static
C:\Embebidos\Clase\T9_LCD_Nokia\drivers/fsl_pit.h:159:20:PIT_EnableInterrupts	24	static
C:\Embebidos\Clase\T9_LCD_Nokia\drivers/fsl_pit.h:220:20:PIT_ClearStatusFlags	24	static
C:\Embebidos\Clase\T9_LCD_Nokia\drivers/fsl_pit.h:246:20:PIT_SetTimerPeriod	24	static
C:\Embebidos\Clase\T9_LCD_Nokia\drivers/fsl_pit.h:288:20:PIT_StartTimer	16	static
../source/PIT.c:21:6:PIT_init	16	static
../source/PIT.c:37:6:PIT_set_time	16	static
../source/PIT.c:44:6:PIT0_IRQHandler	8	static
../source/PIT.c:54:9:PIT0_get_irq_status	16	static
../source/PIT.c:63:6:PIT0_clear_irq_status	4	static
